10-08 03:54:43.969 11766 11766 W OnBackInvokedCallback: OnBackInvokedCallback is not enabled for the application.
10-08 03:54:43.969 11766 11766 W OnBackInvokedCallback: Set 'android:enableOnBackInvokedCallback="true"' in the application manifest.
10-08 03:54:44.418  1294  2103 I InputDispatcher: Delivering touch to (11766): action: 0x0, f=0x0, d=0, '3aef703', t=1 
10-08 03:54:44.419 11766 11766 I ViewRootImpl@711bb61[MainActivity]: ViewPostIme pointer 0
10-08 03:54:44.447  1294  4811 I InputDispatcher: Delivering touch to (11766): action: 0x3, f=0x0, d=0, '3aef703', t=1 
10-08 03:54:44.452  1189  1189 D SurfaceFlinger:      DEVICE | 0xb400007535664b60 | 0100 | RGBA_8888    |    0.0    0.0 1080.0 2400.0 |    0    0 1080 2400 | com.flybo.users/com.flybo.users.MainActivity$_11766#110242
10-08 03:54:44.503 11766 11766 D WindowOnBackDispatcher: onBackInvoked, viewRoot=ViewRootImpl@711bb61[MainActivity], callback=android.view.ViewRootImpl$$ExternalSyntheticLambda17@a85df74
10-08 03:54:44.505 11766 11766 I ViewRootImpl@711bb61[MainActivity]: ViewPostIme key 0
10-08 03:54:44.505 11766 11766 D Activity: onKeyDown(KEYCODE_BACK)
10-08 03:54:44.505 11766 11766 I ViewRootImpl@711bb61[MainActivity]: ViewPostIme key 1
10-08 03:54:44.505 11766 11766 D Activity: onKeyUp(KEYCODE_BACK) isTracking()=true isCanceled()=false hasCallback=false
10-08 03:54:44.786  1189  1189 D SurfaceFlinger:      DEVICE | 0xb400007535664b60 | 0100 | RGBA_8888    |    0.0    0.0 1080.0 2400.0 |    0    0 1080 2400 | com.flybo.users/com.flybo.users.MainActivity$_11766#110242
10-08 03:54:44.810  1294  2103 I InputDispatcher: Delivering touch to (11766): action: 0x0, f=0x0, d=0, '3aef703', t=1 
10-08 03:54:44.810 11766 11766 I ViewRootImpl@711bb61[MainActivity]: ViewPostIme pointer 0
10-08 03:54:44.851  1294  2103 I InputDispatcher: Delivering touch to (11766): action: 0x1, f=0x0, d=0, '3aef703', t=1 
10-08 03:54:44.851 11766 11766 I ViewRootImpl@711bb61[MainActivity]: ViewPostIme pointer 1
10-08 03:54:44.867 11766 11766 W OnBackInvokedCallback: OnBackInvokedCallback is not enabled for the application.
10-08 03:54:44.867 11766 11766 W OnBackInvokedCallback: Set 'android:enableOnBackInvokedCallback="true"' in the application manifest.
10-08 03:54:45.285  1294  2103 I InputDispatcher: Delivering touch to (11766): action: 0x0, f=0x0, d=0, '3aef703', t=1 
10-08 03:54:45.286 11766 11766 I ViewRootImpl@711bb61[MainActivity]: ViewPostIme pointer 0
10-08 03:54:45.313  1294  4813 I InputDispatcher: Delivering touch to (11766): action: 0x3, f=0x0, d=0, '3aef703', t=1 
10-08 03:54:45.316  1189  1189 D SurfaceFlinger:      DEVICE | 0xb400007535664b60 | 0100 | RGBA_8888    |    0.0    0.0 1080.0 2400.0 |    0    0 1080 2400 | com.flybo.users/com.flybo.users.MainActivity$_11766#110242
10-08 03:54:45.335 11766 11766 D WindowOnBackDispatcher: onBackInvoked, viewRoot=ViewRootImpl@711bb61[MainActivity], callback=android.view.ViewRootImpl$$ExternalSyntheticLambda17@a85df74
10-08 03:54:45.337 11766 11766 I ViewRootImpl@711bb61[MainActivity]: ViewPostIme key 0
10-08 03:54:45.337 11766 11766 D Activity: onKeyDown(KEYCODE_BACK)
10-08 03:54:45.337 11766 11766 I ViewRootImpl@711bb61[MainActivity]: ViewPostIme key 1
10-08 03:54:45.337 11766 11766 D Activity: onKeyUp(KEYCODE_BACK) isTracking()=true isCanceled()=false hasCallback=false
10-08 03:54:45.635  1189  1189 D SurfaceFlinger:      DEVICE | 0xb400007535664b60 | 0100 | RGBA_8888    |    0.0    0.0 1080.0 2400.0 |    0    0 1080 2400 | com.flybo.users/com.flybo.users.MainActivity$_11766#110242
10-08 03:54:46.026  1294  2103 I InputDispatcher: Delivering touch to (11766): action: 0x0, f=0x0, d=0, '3aef703', t=1 
10-08 03:54:46.026 11766 11766 I ViewRootImpl@711bb61[MainActivity]: ViewPostIme pointer 0
10-08 03:54:46.060  1294  2103 I InputDispatcher: Delivering touch to (11766): action: 0x105, f=0x0, d=0, '3aef703', t=1 
10-08 03:54:46.193  1294  2103 I InputDispatcher: Delivering touch to (11766): action: 0x106, f=0x0, d=0, '3aef703', t=1 
10-08 03:54:46.250  1294  2103 I InputDispatcher: Delivering touch to (11766): action: 0x1, f=0x0, d=0, '3aef703', t=1 
10-08 03:54:46.250 11766 11766 I ViewRootImpl@711bb61[MainActivity]: ViewPostIme pointer 1
10-08 03:54:46.367  1294  2103 I InputDispatcher: Delivering touch to (11766): action: 0x0, f=0x0, d=0, '3aef703', t=1 
10-08 03:54:46.367 11766 11766 I ViewRootImpl@711bb61[MainActivity]: ViewPostIme pointer 0
10-08 03:54:46.409  1294  2103 I InputDispatcher: Delivering touch to (11766): action: 0x105, f=0x0, d=0, '3aef703', t=1 
10-08 03:54:46.510  1294  2103 I InputDispatcher: Delivering touch to (11766): action: 0x6, f=0x0, d=0, '3aef703', t=1 
10-08 03:54:46.576  1294  2103 I InputDispatcher: Delivering touch to (11766): action: 0x1, f=0x0, d=0, '3aef703', t=1 
10-08 03:54:46.576 11766 11766 I ViewRootImpl@711bb61[MainActivity]: ViewPostIme pointer 1
10-08 03:54:46.683  1294  2103 I InputDispatcher: Delivering touch to (11766): action: 0x0, f=0x0, d=0, '3aef703', t=1 
10-08 03:54:46.683 11766 11766 I ViewRootImpl@711bb61[MainActivity]: ViewPostIme pointer 0
10-08 03:54:46.701  1294  2103 I InputDispatcher: Delivering touch to (11766): action: 0x105, f=0x0, d=0, '3aef703', t=1 
10-08 03:54:46.775  1294  2103 I InputDispatcher: Delivering touch to (11766): action: 0x6, f=0x0, d=0, '3aef703', t=1 
10-08 03:54:46.792  1294  2103 I InputDispatcher: Delivering touch to (11766): action: 0x1, f=0x0, d=0, '3aef703', t=1 
10-08 03:54:46.792 11766 11766 I ViewRootImpl@711bb61[MainActivity]: ViewPostIme pointer 1
10-08 03:54:46.850  1294  2103 I InputDispatcher: Delivering touch to (11766): action: 0x0, f=0x0, d=0, '3aef703', t=1 
10-08 03:54:46.850 11766 11766 I ViewRootImpl@711bb61[MainActivity]: ViewPostIme pointer 0
10-08 03:54:46.917  1294  2103 I InputDispatcher: Delivering touch to (11766): action: 0x105, f=0x0, d=0, '3aef703', t=1 
10-08 03:54:46.942  1294  2103 I InputDispatcher: Delivering touch to (11766): action: 0x6, f=0x0, d=0, '3aef703', t=1 
10-08 03:54:46.949  1294  2103 I InputDispatcher: Delivering touch to (11766): action: 0x1, f=0x0, d=0, '3aef703', t=1 
10-08 03:54:46.950 11766 11766 I ViewRootImpl@711bb61[MainActivity]: ViewPostIme pointer 1
10-08 03:54:47.008  1294  2103 I InputDispatcher: Delivering touch to (11766): action: 0x0, f=0x0, d=0, '3aef703', t=1 
10-08 03:54:47.008 11766 11766 I ViewRootImpl@711bb61[MainActivity]: ViewPostIme pointer 0
10-08 03:54:47.058  1294  2103 I InputDispatcher: Delivering touch to (11766): action: 0x105, f=0x0, d=0, '3aef703', t=1 
10-08 03:54:47.083  1294  2103 I InputDispatcher: Delivering touch to (11766): action: 0x6, f=0x0, d=0, '3aef703', t=1 
10-08 03:54:47.108  1294  2103 I InputDispatcher: Delivering touch to (11766): action: 0x1, f=0x0, d=0, '3aef703', t=1 
10-08 03:54:47.108 11766 11766 I ViewRootImpl@711bb61[MainActivity]: ViewPostIme pointer 1
10-08 03:54:47.350  1294  2103 I InputDispatcher: Delivering touch to (11766): action: 0x0, f=0x0, d=0, '3aef703', t=1 
10-08 03:54:47.351 11766 11766 I ViewRootImpl@711bb61[MainActivity]: ViewPostIme pointer 0
10-08 03:54:47.394  1294  4811 I InputDispatcher: Delivering touch to (11766): action: 0x3, f=0x0, d=0, '3aef703', t=1 
10-08 03:54:47.418  1189  1189 D SurfaceFlinger:      CLIENT | 0xb400007535664b60 | 0100 | RGBA_8888    |    0.0    0.0 1080.0 2400.0 |    0    0 1080 2400 | com.flybo.users/com.flybo.users.MainActivity$_11766#110242
10-08 03:54:47.452  1189  1189 D SurfaceFlinger:      CLIENT | 0xb400007535664b60 | 0100 | RGBA_8888    |    0.0    0.0 1080.0 2400.0 |    0    0 1080 2400 | com.flybo.users/com.flybo.users.MainActivity$_11766#110242
10-08 03:54:47.463 11766 11766 I ViewRootImpl@711bb61[MainActivity]: MSG_WINDOW_FOCUS_CHANGED 0 0
10-08 03:54:47.470  1189  1189 D SurfaceFlinger:      CLIENT | 0xb400007535664b60 | 0100 | RGBA_8888    |    0.0   13.0 1080.0 2394.0 |   24   60 1040 2299 | com.flybo.users/com.flybo.users.MainActivity$_11766#110242
10-08 03:54:48.031 11766 11766 I ViewRootImpl@711bb61[MainActivity]: handleAppVisibility mAppVisible = true visible = false
10-08 03:54:48.043  1189  1189 I Layer   : Layer [com.flybo.users/com.flybo.users.MainActivity$_11766#110242] hidden!! flag(1)
10-08 03:54:48.047 11766 11766 I SurfaceView@d1e57: onWindowVisibilityChanged(8) false io.flutter.embedding.android.m{d1e57 V.E...... ........ 0,0-1080,2361} of ViewRootImpl@711bb61[MainActivity]
10-08 03:54:48.047 11766 11766 I SurfaceView@d1e57: Changes: creating=false format=false size=false visible=true alpha=false hint=false mUseAlpha=false visible=true left=false top=false
10-08 03:54:48.047 11766 11766 I SurfaceView@d1e57: 859735 Cur surface: Surface(name=null)/@0xd54463a
10-08 03:54:48.048 11766 11766 I SurfaceView@d1e57: applyTransactionOnVriDraw: vri = ViewRootImpl@711bb61[MainActivity] fRS = false t = 0xb400007c80dea400 android.view.SurfaceView.performSurfaceTransaction:959 android.view.SurfaceView.updateSurface:1105 android.view.SurfaceView.onWindowVisibilityChanged:371 
10-08 03:54:48.048 11766 11766 I ViewRootImpl@711bb61[MainActivity]: applyTransactionOnDraw: mRemoved = false isHardwareEnabled = true t = 0xb400007c80dea400android.view.SurfaceView.applyTransactionOnVriDraw:2048 android.view.SurfaceView.performSurfaceTransaction:959 android.view.SurfaceView.updateSurface:1105 android.view.SurfaceView.onWindowVisibilityChanged:371 android.view.View.dispatchWindowVisibilityChanged:15943 
10-08 03:54:48.048 11766 11766 I SurfaceView@d1e57: surfaceDestroyed
10-08 03:54:48.048 11766 11766 I SurfaceView@d1e57: surfaceDestroyed callback.size 1 #2 io.flutter.embedding.android.m{d1e57 V.E...... ........ 0,0-1080,2361}
10-08 03:54:48.062 11766 11766 I SurfaceView@d1e57: updateSurface: mVisible = false mSurface.isValid() = true
10-08 03:54:48.063 11766 11766 I SurfaceView@d1e57: releaseSurfaces: viewRoot = ViewRootImpl@711bb61[MainActivity]
10-08 03:54:48.063 11766 11766 I SurfaceView@d1e57: applyTransactionOnVriDraw: vri = ViewRootImpl@711bb61[MainActivity] fRS = true t = 0xb400007b37de7600 android.view.SurfaceView.releaseSurfaces:858 android.view.SurfaceView.updateSurface:1172 android.view.SurfaceView.onWindowVisibilityChanged:371 
10-08 03:54:48.063 11766 11766 I SurfaceView@d1e57: applyTransactionOnVriDraw: viewRoot.applyTransactionOnDrawFromReleaseSurfaces
10-08 03:54:48.063 11766 11766 I ViewRootImpl@711bb61[MainActivity]: from releaseSurfaces t.apply t = 0xb400007b37de7600
10-08 03:54:48.071 11766 11766 V SurfaceView@d1e57: Layout: x=0 y=0 w=1080 h=2361, frame=Rect(0, 0 - 1080, 2361)
10-08 03:54:48.071 11766 11828 D SurfaceView@d1e57: windowPositionLost, frameNr = 0
10-08 03:54:48.072 11766 11828 D OpenGLRenderer: setSurface called with nullptr
10-08 03:54:48.072 11766 11828 D OpenGLRenderer: setSurface() destroyed EGLSurface
10-08 03:54:48.072 11766 11828 D OpenGLRenderer: destroyEglSurface
10-08 03:54:48.073 11766 11766 I ViewRootImpl@711bb61[MainActivity]: performTraversals mFirst=false windowShouldResize=false viewVisibilityChanged=true mForceNextWindowRelayout=false params=null
10-08 03:54:48.076  1294  4812 V WindowManager: Relayout hash=3aef703, pid=11766, syncId=-1: mAttrs={(0,0)(fillxfill) sim={adjust=resize forwardNavigation} ty=BASE_APPLICATION fmt=TRANSLUCENT wanim=0x1030001
10-08 03:54:48.088 11766 11766 I ViewRootImpl@711bb61[MainActivity]: Relayout returned: old=(0,0,1080,2400) new=(0,0,1080,2400) req=(1080,2400)8 dur=12 res=0x2 s={false 0x0} ch=true seqId=0
10-08 03:54:48.088 11766 11766 I SurfaceView@d1e57: windowStopped(true) false io.flutter.embedding.android.m{d1e57 V.E...... ........ 0,0-1080,2361} of ViewRootImpl@711bb61[MainActivity]
10-08 03:54:48.088 11766 11766 D SurfaceView@d1e57: updateSurface: surface is not valid
10-08 03:54:48.088 11766 11766 I SurfaceView@d1e57: releaseSurfaces: viewRoot = ViewRootImpl@711bb61[MainActivity]
10-08 03:54:48.088 11766 11766 I SurfaceView@d1e57: applyTransactionOnVriDraw: vri = ViewRootImpl@711bb61[MainActivity] fRS = true t = 0xb400007c80dc6e00 android.view.SurfaceView.releaseSurfaces:858 android.view.SurfaceView.updateSurface:998 android.view.SurfaceView.setWindowStopped:335 
10-08 03:54:48.088 11766 11766 I SurfaceView@d1e57: applyTransactionOnVriDraw: viewRoot.applyTransactionOnDrawFromReleaseSurfaces
10-08 03:54:48.088 11766 11766 I ViewRootImpl@711bb61[MainActivity]: from releaseSurfaces t.apply t = 0xb400007c80dc6e00
10-08 03:54:48.091 11766 11766 D SurfaceView@d1e57: updateSurface: surface is not valid
10-08 03:54:48.091 11766 11766 I SurfaceView@d1e57: releaseSurfaces: viewRoot = ViewRootImpl@711bb61[MainActivity]
10-08 03:54:48.091 11766 11766 I SurfaceView@d1e57: applyTransactionOnVriDraw: vri = ViewRootImpl@711bb61[MainActivity] fRS = true t = 0xb400007bb94f9500 android.view.SurfaceView.releaseSurfaces:858 android.view.SurfaceView.updateSurface:998 android.view.SurfaceView.lambda$new$0$android-view-SurfaceView:200 
10-08 03:54:48.091 11766 11766 I SurfaceView@d1e57: applyTransactionOnVriDraw: viewRoot.applyTransactionOnDrawFromReleaseSurfaces
10-08 03:54:48.091 11766 11766 I ViewRootImpl@711bb61[MainActivity]: from releaseSurfaces t.apply t = 0xb400007bb94f9500
10-08 03:54:48.098 11766 11766 I ViewRootImpl@711bb61[MainActivity]: stopped(true) old = false
10-08 03:54:48.098 11766 11766 I ViewRootImpl@711bb61[MainActivity]: WindowStopped on com.flybo.users/com.flybo.users.MainActivity set to true
10-08 03:54:48.099 11766 11766 D SurfaceView@d1e57: updateSurface: surface is not valid
10-08 03:54:48.099 11766 11766 I SurfaceView@d1e57: releaseSurfaces: viewRoot = ViewRootImpl@711bb61[MainActivity]
10-08 03:54:48.099 11766 11766 I SurfaceView@d1e57: applyTransactionOnVriDraw: vri = ViewRootImpl@711bb61[MainActivity] fRS = true t = 0xb400007b37f1e400 android.view.SurfaceView.releaseSurfaces:858 android.view.SurfaceView.updateSurface:998 android.view.SurfaceView.setVisibility:392 
10-08 03:54:48.099 11766 11766 I SurfaceView@d1e57: applyTransactionOnVriDraw: viewRoot.applyTransactionOnDrawFromReleaseSurfaces
10-08 03:54:48.099 11766 11766 I ViewRootImpl@711bb61[MainActivity]: from releaseSurfaces t.apply t = 0xb400007b37f1e400
10-08 03:54:48.101 11766 11766 I MSHandlerLifeCycle: removeMultiSplitHandler: no exist. decor=DecorView@ec250dc[MainActivity]
10-08 03:54:48.106 11766 11766 D InputTransport: Input channel destroyed: 'ClientS', fd=151
10-08 03:54:48.110 11766 11766 D SurfaceView@d1e57: updateSurface: surface is not valid
10-08 03:54:48.110 11766 11766 I SurfaceView@d1e57: releaseSurfaces: viewRoot = ViewRootImpl@711bb61[MainActivity]
10-08 03:54:48.110 11766 11766 I SurfaceView@d1e57: applyTransactionOnVriDraw: vri = ViewRootImpl@711bb61[MainActivity] fRS = true t = 0xb400007b37f1e900 android.view.SurfaceView.releaseSurfaces:858 android.view.SurfaceView.updateSurface:998 android.view.SurfaceView.lambda$new$0$android-view-SurfaceView:200 
10-08 03:54:48.110 11766 11766 I SurfaceView@d1e57: applyTransactionOnVriDraw: viewRoot.applyTransactionOnDrawFromReleaseSurfaces
10-08 03:54:48.110 11766 11766 I ViewRootImpl@711bb61[MainActivity]: from releaseSurfaces t.apply t = 0xb400007b37f1e900
10-08 03:54:48.112  1294  4811 I WindowManager: Destroying surface Surface(name=com.flybo.users/com.flybo.users.MainActivity$_11766)/@0x449267e called by com.android.server.wm.WindowStateAnimator.destroySurface:942 com.android.server.wm.WindowStateAnimator.destroySurfaceLocked:536 com.android.server.wm.WindowState.destroySurfaceUnchecked:4306 com.android.server.wm.WindowState.destroySurface:4280 com.android.server.wm.ActivityRecord.destroySurfaces:6539 com.android.server.wm.ActivityRecord.destroySurfaces:6520 com.android.server.wm.ActivityRecord.notifyAppStopped:6584 com.android.server.wm.ActivityRecord.activityStopped:7172 
10-08 03:54:48.123 21067 21111 I SAMSUNGWALLET: [Hint_ProcessStatusChange] fg Change, pid : 11766 , isNotify : true , isForeground : false , fg list : []
10-08 03:54:48.126  1189  1189 I Layer   : id=110242 removedFromDrawingState com.flybo.users/com.flybo.users.MainActivity$_11766#110242 (124)
10-08 03:54:48.126  1189  1189 I SurfaceFlinger: id=110242 Removed com.flybo.users/com.flybo.users.MainActivity$_11766#110242 (124)
10-08 03:54:48.127  1189  1189 I Layer   : id=110242 Destroyed com.flybo.users/com.flybo.users.MainActivity$_11766#110242
10-08 03:54:48.898 11766 11766 I ViewRootImpl@711bb61[MainActivity]: handleAppVisibility mAppVisible = false visible = true
10-08 03:54:48.900 11766 11766 I ViewRootImpl@711bb61[MainActivity]: stopped(false) old = true
10-08 03:54:48.900 11766 11766 I ViewRootImpl@711bb61[MainActivity]: WindowStopped on com.flybo.users/com.flybo.users.MainActivity set to false
10-08 03:54:48.902 11766 11766 D SurfaceView@d1e57: updateSurface: surface is not valid
10-08 03:54:48.902 11766 11766 I SurfaceView@d1e57: releaseSurfaces: viewRoot = ViewRootImpl@711bb61[MainActivity]
10-08 03:54:48.902 11766 11766 I SurfaceView@d1e57: applyTransactionOnVriDraw: vri = ViewRootImpl@711bb61[MainActivity] fRS = true t = 0xb400007b37f1ea00 android.view.SurfaceView.releaseSurfaces:858 android.view.SurfaceView.updateSurface:998 android.view.SurfaceView.setVisibility:392 
10-08 03:54:48.902 11766 11766 I SurfaceView@d1e57: applyTransactionOnVriDraw: viewRoot.applyTransactionOnDrawFromReleaseSurfaces
10-08 03:54:48.902 11766 11766 I ViewRootImpl@711bb61[MainActivity]: applyTransactionOnDraw: mRemoved = false isHardwareEnabled = false t = 0xb400007b37f1ea00android.view.ViewRootImpl.applyTransactionOnDrawFromReleaseSurfaces:12850 android.view.SurfaceView.applyTransactionOnVriDraw:2046 android.view.SurfaceView.releaseSurfaces:858 android.view.SurfaceView.updateSurface:998 android.view.SurfaceView.setVisibility:392 
10-08 03:54:48.904 11766 11766 I MSHandlerLifeCycle: removeMultiSplitHandler: no exist. decor=DecorView@ec250dc[MainActivity]
10-08 03:54:48.904 11766 11766 I ViewRootImpl@711bb61[MainActivity]: stopped(false) old = false
10-08 03:54:48.906 11766 11766 I DecorView: notifyKeepScreenOnChanged: keepScreenOn=false
10-08 03:54:48.916 11766 11766 I MSHandlerLifeCycle: removeMultiSplitHandler: no exist. decor=DecorView@ec250dc[MainActivity]
10-08 03:54:48.916 11766 11766 I SurfaceView@d1e57: onWindowVisibilityChanged(0) false io.flutter.embedding.android.m{d1e57 V.E...... ......ID 0,0-1080,2361} of ViewRootImpl@711bb61[MainActivity]
10-08 03:54:48.916 11766 11766 D SurfaceView@d1e57: updateSurface: surface is not valid
10-08 03:54:48.916 11766 11766 I SurfaceView@d1e57: releaseSurfaces: viewRoot = ViewRootImpl@711bb61[MainActivity]
10-08 03:54:48.916 11766 11766 I SurfaceView@d1e57: applyTransactionOnVriDraw: vri = ViewRootImpl@711bb61[MainActivity] fRS = true t = 0xb400007b37f1eb00 android.view.SurfaceView.releaseSurfaces:858 android.view.SurfaceView.updateSurface:998 android.view.SurfaceView.onWindowVisibilityChanged:371 
10-08 03:54:48.916 11766 11766 I SurfaceView@d1e57: applyTransactionOnVriDraw: viewRoot.applyTransactionOnDrawFromReleaseSurfaces
10-08 03:54:48.916 11766 11766 I ViewRootImpl@711bb61[MainActivity]: applyTransactionOnDraw: mRemoved = false isHardwareEnabled = false t = 0xb400007b37f1eb00android.view.ViewRootImpl.applyTransactionOnDrawFromReleaseSurfaces:12850 android.view.SurfaceView.applyTransactionOnVriDraw:2046 android.view.SurfaceView.releaseSurfaces:858 android.view.SurfaceView.updateSurface:998 android.view.SurfaceView.onWindowVisibilityChanged:371 
10-08 03:54:48.918 11766 11766 I ViewRootImpl@711bb61[MainActivity]: performTraversals params={(0,0)(fillxfill) sim={adjust=resize forwardNavigation} ty=BASE_APPLICATION fmt=TRANSLUCENT wanim=0x1030001
10-08 03:54:48.918 11766 11766 I ViewRootImpl@711bb61[MainActivity]:   fl=81810100
10-08 03:54:48.918 11766 11766 I ViewRootImpl@711bb61[MainActivity]:   pfl=16020040
10-08 03:54:48.918 11766 11766 I ViewRootImpl@711bb61[MainActivity]:   vsysui=2500
10-08 03:54:48.918 11766 11766 I ViewRootImpl@711bb61[MainActivity]:   apr=LIGHT_STATUS_BARS
10-08 03:54:48.918 11766 11766 I ViewRootImpl@711bb61[MainActivity]:   bhv=DEFAULT
10-08 03:54:48.918 11766 11766 I ViewRootImpl@711bb61[MainActivity]:   fitSides= naviIconColor=0}
10-08 03:54:48.921 11766 11766 I ViewRootImpl@711bb61[MainActivity]: performTraversals mFirst=false windowShouldResize=false viewVisibilityChanged=true mForceNextWindowRelayout=false params={(0,0)(fillxfill) sim={adjust=resize forwardNavigation} ty=BASE_APPLICATION fmt=TRANSLUCENT wanim=0x1030001
10-08 03:54:48.921 11766 11766 I ViewRootImpl@711bb61[MainActivity]:   fl=81810100
10-08 03:54:48.921 11766 11766 I ViewRootImpl@711bb61[MainActivity]:   pfl=16020040
10-08 03:54:48.921 11766 11766 I ViewRootImpl@711bb61[MainActivity]:   vsysui=2500
10-08 03:54:48.921 11766 11766 I ViewRootImpl@711bb61[MainActivity]:   apr=LIGHT_STATUS_BARS
10-08 03:54:48.921 11766 11766 I ViewRootImpl@711bb61[MainActivity]:   bhv=DEFAULT
10-08 03:54:48.921 11766 11766 I ViewRootImpl@711bb61[MainActivity]:   fitSides= naviIconColor=0}
10-08 03:54:48.921  1189  1235 I SurfaceFlinger: id=110269 createSurf, flag=40004, com.flybo.users/com.flybo.users.MainActivity$_11766#110269
10-08 03:54:48.922  1294  4818 D WindowManager: makeSurface duration=1 name=com.flybo.users/com.flybo.users.MainActivity$_11766
10-08 03:54:48.926  1294  4818 V WindowManager: Relayout hash=3aef703, pid=11766, syncId=-1: mAttrs={(0,0)(fillxfill) sim={adjust=resize forwardNavigation} ty=BASE_APPLICATION fmt=TRANSLUCENT wanim=0x1030001
10-08 03:54:48.927 11766 11766 I ViewRootImpl@711bb61[MainActivity]: updateBlastSurfaceIfNeeded mBlastBufferQueue=null isSameSurfaceControl=false
10-08 03:54:48.927 11766 11766 I BLASTBufferQueue: new BLASTBufferQueue, mName= ViewRootImpl@711bb61[MainActivity] mNativeObject= 0xb400007bce127580 sc.mNativeObject= 0xb400007bb94d1960 caller= android.view.ViewRootImpl.updateBlastSurfaceIfNeeded:2909 android.view.ViewRootImpl.relayoutWindow:9847 android.view.ViewRootImpl.performTraversals:3884 android.view.ViewRootImpl.doTraversal:3116 android.view.ViewRootImpl$TraversalRunnable.run:10885 android.view.Choreographer$CallbackRecord.run:1301 android.view.Choreographer$CallbackRecord.run:1309 android.view.Choreographer.doCallbacks:923 android.view.Choreographer.doFrame:852 android.view.Choreographer$FrameDisplayEventReceiver.run:1283 
10-08 03:54:48.927 11766 11766 I BLASTBufferQueue: update, w= 1080 h= 2400 mName = ViewRootImpl@711bb61[MainActivity] mNativeObject= 0xb400007bce127580 sc.mNativeObject= 0xb400007bb94d1960 format= -3 caller= android.graphics.BLASTBufferQueue.<init>:84 android.view.ViewRootImpl.updateBlastSurfaceIfNeeded:2909 android.view.ViewRootImpl.relayoutWindow:9847 android.view.ViewRootImpl.performTraversals:3884 android.view.ViewRootImpl.doTraversal:3116 android.view.ViewRootImpl$TraversalRunnable.run:10885 
10-08 03:54:48.927 11766 11766 I ViewRootImpl@711bb61[MainActivity]: Relayout returned: old=(0,0,1080,2400) new=(0,0,1080,2400) req=(1080,2400)0 dur=6 res=0x3 s={true 0xb400007bacbcd000} ch=true seqId=0
10-08 03:54:48.928 11766 11766 I ViewRootImpl@711bb61[MainActivity]: mThreadedRenderer.initialize() mSurface={isValid=true 0xb400007bacbcd000} hwInitialized=true
10-08 03:54:48.928 11766 11766 I SurfaceView@d1e57: Changes: creating=false format=false size=false visible=false alpha=false hint=false mUseAlpha=false visible=false left=false top=false
10-08 03:54:48.928 11766 11828 D OpenGLRenderer: eglCreateWindowSurface
10-08 03:54:48.928 11766 11766 I SurfaceView@d1e57: windowStopped(false) true io.flutter.embedding.android.m{d1e57 V.E...... ......ID 0,0-1080,2361} of ViewRootImpl@711bb61[MainActivity]
10-08 03:54:48.928 11766 11766 I SurfaceView@d1e57: Changes: creating=true format=false size=false visible=true alpha=false hint=false mUseAlpha=false visible=true left=false top=false
10-08 03:54:48.929 11766 11766 I BLASTBufferQueue: update, w= 1080 h= 2361 mName = null mNativeObject= 0xb400007baccc3700 sc.mNativeObject= 0xb400007bb94d1fa0 format= 4 caller= android.view.SurfaceView.createBlastSurfaceControls:1383 android.view.SurfaceView.updateSurface:1079 android.view.SurfaceView.setWindowStopped:335 android.view.SurfaceView.surfaceCreated:1853 android.view.ViewRootImpl.notifySurfaceCreated:2820 android.view.ViewRootImpl.performTraversals:4293 
10-08 03:54:48.929 11766 11766 I SurfaceView@d1e57: 859735 Cur surface: Surface(name=null)/@0xd54463a
10-08 03:54:48.929 11766 11766 I SurfaceView@d1e57: pST: sr = Rect(0, 0 - 1080, 2361) sw = 1080 sh = 2361
10-08 03:54:48.929 11766 11766 D SurfaceView@d1e57: performSurfaceTransaction RenderWorker position = [0, 0, 1080, 2361] surfaceSize = 1080x2361
10-08 03:54:48.929 11766 11766 I SurfaceView@d1e57: applyTransactionOnVriDraw: vri = ViewRootImpl@711bb61[MainActivity] fRS = false t = 0xb400007b2c5f0700 android.view.SurfaceView.performSurfaceTransaction:959 android.view.SurfaceView.updateSurface:1105 android.view.SurfaceView.setWindowStopped:335 
10-08 03:54:48.929 11766 11766 I ViewRootImpl@711bb61[MainActivity]: applyTransactionOnDraw: mRemoved = false isHardwareEnabled = true t = 0xb400007b2c5f0700android.view.SurfaceView.applyTransactionOnVriDraw:2048 android.view.SurfaceView.performSurfaceTransaction:959 android.view.SurfaceView.updateSurface:1105 android.view.SurfaceView.setWindowStopped:335 android.view.SurfaceView.surfaceCreated:1853 
10-08 03:54:48.929 11766 11766 I SurfaceView@d1e57: updateSurface: mVisible = true mSurface.isValid() = true
10-08 03:54:48.929 11766 11766 I SurfaceView@d1e57: updateSurface: mSurfaceCreated = false surfaceChanged = true visibleChanged = true
10-08 03:54:48.929 11766 11766 I SurfaceView@d1e57: visibleChanged -- surfaceCreated
10-08 03:54:48.929 11766 11766 I SurfaceView@d1e57: surfaceCreated 1 #1 io.flutter.embedding.android.m{d1e57 V.E...... ......ID 0,0-1080,2361}
10-08 03:54:48.931 11766 11766 I SurfaceView@d1e57: surfaceChanged -- format=4 w=1080 h=2361
10-08 03:54:48.931 11766 11766 I SurfaceView@d1e57: surfaceChanged (1080,2361) 1 #1 io.flutter.embedding.android.m{d1e57 V.E...... ......ID 0,0-1080,2361}
10-08 03:54:48.932 21067 21111 I SAMSUNGWALLET: [Hint_ProcessStatusChange] fg Change, pid : 11766 , isNotify : true , isForeground : true , fg list : [11766]
10-08 03:54:48.933 11766 11766 I SurfaceView@d1e57: surfaceRedrawNeeded
10-08 03:54:48.933 11766 11766 V SurfaceView@d1e57: Layout: x=0 y=0 w=1080 h=2361, frame=Rect(0, 0 - 1080, 2361)
10-08 03:54:48.933 11766 11766 I ViewRootImpl@711bb61[MainActivity]: reportNextDraw android.view.ViewRootImpl.performTraversals:4438 android.view.ViewRootImpl.doTraversal:3116 android.view.ViewRootImpl$TraversalRunnable.run:10885 android.view.Choreographer$CallbackRecord.run:1301 android.view.Choreographer$CallbackRecord.run:1309 
10-08 03:54:48.933 11766 11766 I ViewRootImpl@711bb61[MainActivity]: Setup new sync id=1
10-08 03:54:48.933 11766 11766 I ViewRootImpl@711bb61[MainActivity]: Setting syncFrameCallback
10-08 03:54:48.933 11766 11766 E SurfaceSyncer: Failed to find sync for id=0
10-08 03:54:48.933 11766 11766 E SurfaceSyncer: Failed to find sync for id=1
10-08 03:54:48.933 11766 11766 I ViewRootImpl@711bb61[MainActivity]: registerCallbacksForSync syncBuffer=false
10-08 03:54:48.934 11766 12007 D SurfaceView@d1e57: updateSurfacePosition RenderWorker, frameNr = 1, position = [0, 0, 1080, 2361] surfaceSize = 1080x2361
10-08 03:54:48.934 11766 12007 I SurfaceView@d1e57: uSP: rtp = Rect(0, 0 - 1080, 2361) rtsw = 1080 rtsh = 2361
10-08 03:54:48.934 11766 12007 I SurfaceView@d1e57: onSSPAndSRT: pl = 0 pt = 0 sx = 1.0 sy = 1.0
10-08 03:54:48.934 11766 12007 I SurfaceView@d1e57: aOrMT: ViewRootImpl@711bb61[MainActivity] t = android.view.SurfaceControl$Transaction@4433fa7 fN = 1 android.view.SurfaceView.-$$Nest$mapplyOrMergeTransaction:0 android.view.SurfaceView$SurfaceViewPositionUpdateListener.positionChanged:1537 android.graphics.RenderNode$CompositePositionUpdateListener.positionChanged:373 
10-08 03:54:48.934 11766 12006 I ViewRootImpl@711bb61[MainActivity]: mWNT: t=0xb400007c80dea400 mBlastBufferQueue=0xb400007bce127580 fn= 1 caller= android.view.ViewRootImpl.lambda$applyTransactionOnDraw$11$android-view-ViewRootImpl:12865 android.view.ViewRootImpl$$ExternalSyntheticLambda1.onFrameDraw:4 android.graphics.HardwareRenderer$FrameDrawingCallback.onFrameDraw:924 
10-08 03:54:48.934 11766 12007 I ViewRootImpl@711bb61[MainActivity]: mWNT: t=0xb400007b2c5f0800 mBlastBufferQueue=0xb400007bce127580 fn= 1 caller= android.view.SurfaceView.applyOrMergeTransaction:1455 android.view.SurfaceView.-$$Nest$mapplyOrMergeTransaction:0 android.view.SurfaceView$SurfaceViewPositionUpdateListener.positionChanged:1537 
10-08 03:54:48.934 11766 12006 I ViewRootImpl@711bb61[MainActivity]: mWNT: t=0xb400007b2c5f0700 mBlastBufferQueue=0xb400007bce127580 fn= 1 caller= android.view.ViewRootImpl.lambda$applyTransactionOnDraw$11$android-view-ViewRootImpl:12865 android.view.ViewRootImpl$$ExternalSyntheticLambda1.onFrameDraw:4 android.graphics.HardwareRenderer$FrameDrawingCallback.onFrameDraw:924 
10-08 03:54:48.934 11766 12006 I ViewRootImpl@711bb61[MainActivity]: Received frameDrawingCallback syncResult=0 frameNum=1.
10-08 03:54:48.934 11766 12006 I ViewRootImpl@711bb61[MainActivity]: Setting up sync and frameCommitCallback
10-08 03:54:48.935 11766 11828 I BLASTBufferQueue: [ViewRootImpl@711bb61[MainActivity]#2](f:0,a:0) onFrameAvailable the first frame is available
10-08 03:54:48.935 11766 11828 I ViewRootImpl@711bb61[MainActivity]: Received frameCommittedCallback lastAttemptedDrawFrameNum=1 didProduceBuffer=true
10-08 03:54:48.936 11766 11766 I ViewRootImpl@711bb61[MainActivity]: onSyncComplete
10-08 03:54:48.936 11766 11766 I ViewRootImpl@711bb61[MainActivity]: setupSync seqId=0 mSyncId=1 fn=1 caller=android.view.ViewRootImpl$$ExternalSyntheticLambda11.accept:6 android.window.SurfaceSyncer.lambda$setupSync$1$android-window-SurfaceSyncer:128 android.window.SurfaceSyncer$$ExternalSyntheticLambda1.accept:8 android.window.SurfaceSyncer$SyncSet.checkIfSyncIsComplete:382 android.window.SurfaceSyncer$SyncSet.markSyncReady:359 android.window.SurfaceSyncer.markSyncReady:151 android.view.ViewRootImpl.performTraversals:4503 
10-08 03:54:48.936 11766 11766 I ViewRootImpl@711bb61[MainActivity]: reportDrawFinished seqId=0 mSyncId=-1 fn=1 mSurfaceChangedTransaction=0xb400007bacb41e00
10-08 03:54:48.937 11766 11766 I SurfaceView@d1e57: finishedDrawing
10-08 03:54:48.946 11766 11840 I BLASTBufferQueue: [SurfaceView[com.flybo.users/com.flybo.users.MainActivity]@0#3](f:0,a:0) onFrameAvailable the first frame is available
10-08 03:54:48.949 11766 11766 I ViewRootImpl@711bb61[MainActivity]: MSG_WINDOW_FOCUS_CHANGED 1 0
10-08 03:54:48.950 11766 11766 I ViewRootImpl@711bb61[MainActivity]: mThreadedRenderer.initializeIfNeeded()#2 mSurface={isValid=true 0xb400007bacbcd000}
10-08 03:54:48.950 11766 11766 D InputMethodManager: startInputInner - Id : 0
10-08 03:54:48.950 11766 11766 I InputMethodManager: startInputInner - mService.startInputOrWindowGainedFocus
10-08 03:54:48.950  1189  1189 D SurfaceFlinger:      CLIENT | 0xb400007535664540 | 0100 | RGBA_8888    |    0.0   91.0 1080.0 2361.0 |  213  404  867 1779 | com.flybo.users/com.flybo.users.MainActivity$_11766#110269
10-08 03:54:48.953  5559  5559 I HBD     : HoneyBoardService [IMI] onStartInput - caller pid : 11766 , caller uid : 10323 
10-08 03:54:48.966  1189  1189 D SurfaceFlinger:      CLIENT | 0xb4000075356649a0 | 0100 | RGBA_8888    |    0.0   88.0 1080.0 2362.0 |  206  390  874 1798 | com.flybo.users/com.flybo.users.MainActivity$_11766#110269
10-08 03:54:49.085  1189  1189 D SurfaceFlinger:      CLIENT | 0xb4000075356649a0 | 0100 | RGBA_8888    |    0.0   24.0 1080.0 2390.0 |   57  107 1023 2225 | com.flybo.users/com.flybo.users.MainActivity$_11766#110269
10-08 03:54:49.152  1189  1189 D SurfaceFlinger:      CLIENT | 0xb4000075356649a0 | 0100 | RGBA_8888    |    0.0    7.0 1080.0 2397.0 |   18   33 1062 2345 | com.flybo.users/com.flybo.users.MainActivity$_11766#110269
10-08 03:54:49.235  1189  1189 D SurfaceFlinger:      CLIENT | 0xb4000075356649a0 | 0100 | RGBA_8888    |    0.0    0.0 1080.0 2400.0 |    1    2 1079 2396 | com.flybo.users/com.flybo.users.MainActivity$_11766#110269
10-08 03:54:49.264  1189  1189 D SurfaceFlinger:      DEVICE | 0xb4000075356649a0 | 0100 | RGBA_8888    |    0.0    0.0 1080.0 2400.0 |    0    0 1080 2400 | com.flybo.users/com.flybo.users.MainActivity$_11766#110269
10-08 03:54:49.288 21067 21111 I SAMSUNGWALLET: [Hint_ProcessStatusChange] fg Change, pid : 2860 , isNotify : false , isForeground : false , fg list : [11766]
10-08 03:54:49.698  1294  2103 I InputDispatcher: Delivering touch to (11766): action: 0x0, f=0x0, d=0, '3aef703', t=1 
10-08 03:54:49.698 11766 11766 I ViewRootImpl@711bb61[MainActivity]: ViewPostIme pointer 0
10-08 03:54:49.719  1294  2099 I InputDispatcher: Delivering touch to (11766): action: 0x3, f=0x0, d=0, '3aef703', t=1 
10-08 03:54:49.742 21067 21111 I SAMSUNGWALLET: [Hint_ProcessStatusChange] fg Change, pid : 2860 , isNotify : true , isForeground : true , fg list : [11766, 2860]
10-08 03:54:49.748  1189  1189 D SurfaceFlinger:      CLIENT | 0xb4000075356649a0 | 0100 | RGBA_8888    |    0.0    0.0 1080.0 2400.0 |    0    0 1080 2400 | com.flybo.users/com.flybo.users.MainActivity$_11766#110269
10-08 03:54:49.761 11766 11766 I ViewRootImpl@711bb61[MainActivity]: MSG_WINDOW_FOCUS_CHANGED 0 0
10-08 03:54:49.782  1189  1189 D SurfaceFlinger:      CLIENT | 0xb4000075356649a0 | 0100 | RGBA_8888    |    0.0    0.0 1080.0 2400.0 |    0    0 1080 2400 | com.flybo.users/com.flybo.users.MainActivity$_11766#110269
10-08 03:54:50.349 11766 11766 I ViewRootImpl@711bb61[MainActivity]: handleAppVisibility mAppVisible = true visible = false
10-08 03:54:50.358  1189  1189 I Layer   : Layer [com.flybo.users/com.flybo.users.MainActivity$_11766#110269] hidden!! flag(1)
10-08 03:54:50.359 11766 11766 I SurfaceView@d1e57: onWindowVisibilityChanged(8) false io.flutter.embedding.android.m{d1e57 V.E...... ........ 0,0-1080,2361} of ViewRootImpl@711bb61[MainActivity]
10-08 03:54:50.359 11766 11766 I SurfaceView@d1e57: Changes: creating=false format=false size=false visible=true alpha=false hint=false mUseAlpha=false visible=true left=false top=false
10-08 03:54:50.359 11766 11766 I SurfaceView@d1e57: 859735 Cur surface: Surface(name=null)/@0xd54463a
10-08 03:54:50.359 11766 11766 I SurfaceView@d1e57: applyTransactionOnVriDraw: vri = ViewRootImpl@711bb61[MainActivity] fRS = false t = 0xb400007b2c5f0c00 android.view.SurfaceView.performSurfaceTransaction:959 android.view.SurfaceView.updateSurface:1105 android.view.SurfaceView.onWindowVisibilityChanged:371 
10-08 03:54:50.359 11766 11766 I ViewRootImpl@711bb61[MainActivity]: applyTransactionOnDraw: mRemoved = false isHardwareEnabled = true t = 0xb400007b2c5f0c00android.view.SurfaceView.applyTransactionOnVriDraw:2048 android.view.SurfaceView.performSurfaceTransaction:959 android.view.SurfaceView.updateSurface:1105 android.view.SurfaceView.onWindowVisibilityChanged:371 android.view.View.dispatchWindowVisibilityChanged:15943 
10-08 03:54:50.359 11766 11766 I SurfaceView@d1e57: surfaceDestroyed
10-08 03:54:50.359 11766 11766 I SurfaceView@d1e57: surfaceDestroyed callback.size 1 #2 io.flutter.embedding.android.m{d1e57 V.E...... ........ 0,0-1080,2361}
10-08 03:54:50.366 11766 11766 I SurfaceView@d1e57: updateSurface: mVisible = false mSurface.isValid() = true
10-08 03:54:50.367 11766 11766 I SurfaceView@d1e57: releaseSurfaces: viewRoot = ViewRootImpl@711bb61[MainActivity]
10-08 03:54:50.367 11766 11766 I SurfaceView@d1e57: applyTransactionOnVriDraw: vri = ViewRootImpl@711bb61[MainActivity] fRS = true t = 0xb400007b1fc2ec00 android.view.SurfaceView.releaseSurfaces:858 android.view.SurfaceView.updateSurface:1172 android.view.SurfaceView.onWindowVisibilityChanged:371 
10-08 03:54:50.367 11766 11766 I SurfaceView@d1e57: applyTransactionOnVriDraw: viewRoot.applyTransactionOnDrawFromReleaseSurfaces
10-08 03:54:50.367 11766 11766 I ViewRootImpl@711bb61[MainActivity]: from releaseSurfaces t.apply t = 0xb400007b1fc2ec00
10-08 03:54:50.368 11766 11766 V SurfaceView@d1e57: Layout: x=0 y=0 w=1080 h=2361, frame=Rect(0, 0 - 1080, 2361)
10-08 03:54:50.378 11766 11828 D SurfaceView@d1e57: windowPositionLost, frameNr = 0
10-08 03:54:50.380 11766 11828 D OpenGLRenderer: setSurface called with nullptr
10-08 03:54:50.380 11766 11828 D OpenGLRenderer: setSurface() destroyed EGLSurface
10-08 03:54:50.380 11766 11828 D OpenGLRenderer: destroyEglSurface
10-08 03:54:50.391 11766 11766 I ViewRootImpl@711bb61[MainActivity]: performTraversals mFirst=false windowShouldResize=false viewVisibilityChanged=true mForceNextWindowRelayout=false params=null
10-08 03:54:50.396  1294  4810 V WindowManager: Relayout hash=3aef703, pid=11766, syncId=-1: mAttrs={(0,0)(fillxfill) sim={adjust=resize forwardNavigation} ty=BASE_APPLICATION fmt=TRANSLUCENT wanim=0x1030001
10-08 03:54:50.400 11766 11766 I ViewRootImpl@711bb61[MainActivity]: Relayout returned: old=(0,0,1080,2400) new=(0,0,1080,2400) req=(1080,2400)8 dur=7 res=0x2 s={false 0x0} ch=true seqId=0
10-08 03:54:50.400 11766 11766 I SurfaceView@d1e57: windowStopped(true) false io.flutter.embedding.android.m{d1e57 V.E...... ........ 0,0-1080,2361} of ViewRootImpl@711bb61[MainActivity]
10-08 03:54:50.400 11766 11766 D SurfaceView@d1e57: updateSurface: surface is not valid
10-08 03:54:50.400 11766 11766 I SurfaceView@d1e57: releaseSurfaces: viewRoot = ViewRootImpl@711bb61[MainActivity]
10-08 03:54:50.400 11766 11766 I SurfaceView@d1e57: applyTransactionOnVriDraw: vri = ViewRootImpl@711bb61[MainActivity] fRS = true t = 0xb400007b2c5f0d00 android.view.SurfaceView.releaseSurfaces:858 android.view.SurfaceView.updateSurface:998 android.view.SurfaceView.setWindowStopped:335 
10-08 03:54:50.400 11766 11766 I SurfaceView@d1e57: applyTransactionOnVriDraw: viewRoot.applyTransactionOnDrawFromReleaseSurfaces
10-08 03:54:50.400 11766 11766 I ViewRootImpl@711bb61[MainActivity]: from releaseSurfaces t.apply t = 0xb400007b2c5f0d00
10-08 03:54:50.401 11766 11766 D SurfaceView@d1e57: updateSurface: surface is not valid
10-08 03:54:50.401 11766 11766 I SurfaceView@d1e57: releaseSurfaces: viewRoot = ViewRootImpl@711bb61[MainActivity]
10-08 03:54:50.401 11766 11766 I SurfaceView@d1e57: applyTransactionOnVriDraw: vri = ViewRootImpl@711bb61[MainActivity] fRS = true t = 0xb400007b2c5f0e00 android.view.SurfaceView.releaseSurfaces:858 android.view.SurfaceView.updateSurface:998 android.view.SurfaceView.lambda$new$0$android-view-SurfaceView:200 
10-08 03:54:50.401 11766 11766 I SurfaceView@d1e57: applyTransactionOnVriDraw: viewRoot.applyTransactionOnDrawFromReleaseSurfaces
10-08 03:54:50.401 11766 11766 I ViewRootImpl@711bb61[MainActivity]: from releaseSurfaces t.apply t = 0xb400007b2c5f0e00
10-08 03:54:50.402 11766 11766 I ViewRootImpl@711bb61[MainActivity]: stopped(true) old = false
10-08 03:54:50.403 11766 11766 I ViewRootImpl@711bb61[MainActivity]: WindowStopped on com.flybo.users/com.flybo.users.MainActivity set to true
10-08 03:54:50.405 11766 11766 D SurfaceView@d1e57: updateSurface: surface is not valid
10-08 03:54:50.405 11766 11766 I SurfaceView@d1e57: releaseSurfaces: viewRoot = ViewRootImpl@711bb61[MainActivity]
10-08 03:54:50.405 11766 11766 I SurfaceView@d1e57: applyTransactionOnVriDraw: vri = ViewRootImpl@711bb61[MainActivity] fRS = true t = 0xb400007b2c5f0000 android.view.SurfaceView.releaseSurfaces:858 android.view.SurfaceView.updateSurface:998 android.view.SurfaceView.setVisibility:392 
10-08 03:54:50.405 11766 11766 I SurfaceView@d1e57: applyTransactionOnVriDraw: viewRoot.applyTransactionOnDrawFromReleaseSurfaces
10-08 03:54:50.406 11766 11766 I ViewRootImpl@711bb61[MainActivity]: from releaseSurfaces t.apply t = 0xb400007b2c5f0000
10-08 03:54:50.409 11766 11766 I MSHandlerLifeCycle: removeMultiSplitHandler: no exist. decor=DecorView@ec250dc[MainActivity]
10-08 03:54:50.409 11766 11766 D InputTransport: Input channel destroyed: 'ClientS', fd=148
10-08 03:54:50.409 11766 11766 D SurfaceView@d1e57: updateSurface: surface is not valid
10-08 03:54:50.409 11766 11766 I SurfaceView@d1e57: releaseSurfaces: viewRoot = ViewRootImpl@711bb61[MainActivity]
10-08 03:54:50.410 11766 11766 I SurfaceView@d1e57: applyTransactionOnVriDraw: vri = ViewRootImpl@711bb61[MainActivity] fRS = true t = 0xb400007b2c5f0100 android.view.SurfaceView.releaseSurfaces:858 android.view.SurfaceView.updateSurface:998 android.view.SurfaceView.lambda$new$0$android-view-SurfaceView:200 
10-08 03:54:50.410 11766 11766 I SurfaceView@d1e57: applyTransactionOnVriDraw: viewRoot.applyTransactionOnDrawFromReleaseSurfaces
10-08 03:54:50.410 11766 11766 I ViewRootImpl@711bb61[MainActivity]: from releaseSurfaces t.apply t = 0xb400007b2c5f0100
10-08 03:54:50.414  1294  2099 I WindowManager: Destroying surface Surface(name=com.flybo.users/com.flybo.users.MainActivity$_11766)/@0x130584f called by com.android.server.wm.WindowStateAnimator.destroySurface:942 com.android.server.wm.WindowStateAnimator.destroySurfaceLocked:536 com.android.server.wm.WindowState.destroySurfaceUnchecked:4306 com.android.server.wm.WindowState.destroySurface:4280 com.android.server.wm.ActivityRecord.destroySurfaces:6539 com.android.server.wm.ActivityRecord.destroySurfaces:6520 com.android.server.wm.ActivityRecord.notifyAppStopped:6584 com.android.server.wm.ActivityRecord.activityStopped:7172 
10-08 03:54:50.425  1189  1189 I Layer   : id=110269 removedFromDrawingState com.flybo.users/com.flybo.users.MainActivity$_11766#110269 (125)
10-08 03:54:50.425 21067 24353 I SAMSUNGWALLET: [Hint_ProcessStatusChange] fg Change, pid : 11766 , isNotify : true , isForeground : false , fg list : [2860]
10-08 03:54:50.425  1189  1189 I SurfaceFlinger: id=110269 Removed com.flybo.users/com.flybo.users.MainActivity$_11766#110269 (125)
10-08 03:54:50.425  1189  1189 I Layer   : id=110269 Destroyed com.flybo.users/com.flybo.users.MainActivity$_11766#110269
10-08 03:54:50.511 11766 11766 I ViewRootImpl@711bb61[MainActivity]: handleAppVisibility mAppVisible = false visible = true
10-08 03:54:50.515 11766 11766 I ViewRootImpl@711bb61[MainActivity]: stopped(false) old = true
10-08 03:54:50.515 11766 11766 I ViewRootImpl@711bb61[MainActivity]: WindowStopped on com.flybo.users/com.flybo.users.MainActivity set to false
10-08 03:54:50.516 11766 11766 D SurfaceView@d1e57: updateSurface: surface is not valid
10-08 03:54:50.516 11766 11766 I SurfaceView@d1e57: releaseSurfaces: viewRoot = ViewRootImpl@711bb61[MainActivity]
10-08 03:54:50.516 11766 11766 I SurfaceView@d1e57: applyTransactionOnVriDraw: vri = ViewRootImpl@711bb61[MainActivity] fRS = true t = 0xb400007b2c5f0200 android.view.SurfaceView.releaseSurfaces:858 android.view.SurfaceView.updateSurface:998 android.view.SurfaceView.setVisibility:392 
10-08 03:54:50.516 11766 11766 I SurfaceView@d1e57: applyTransactionOnVriDraw: viewRoot.applyTransactionOnDrawFromReleaseSurfaces
10-08 03:54:50.516 11766 11766 I ViewRootImpl@711bb61[MainActivity]: applyTransactionOnDraw: mRemoved = false isHardwareEnabled = false t = 0xb400007b2c5f0200android.view.ViewRootImpl.applyTransactionOnDrawFromReleaseSurfaces:12850 android.view.SurfaceView.applyTransactionOnVriDraw:2046 android.view.SurfaceView.releaseSurfaces:858 android.view.SurfaceView.updateSurface:998 android.view.SurfaceView.setVisibility:392 
10-08 03:54:50.523 11766 11766 I MSHandlerLifeCycle: removeMultiSplitHandler: no exist. decor=DecorView@ec250dc[MainActivity]
10-08 03:54:50.524 11766 11766 I ViewRootImpl@711bb61[MainActivity]: stopped(false) old = false
10-08 03:54:50.528 11766 11766 I DecorView: notifyKeepScreenOnChanged: keepScreenOn=false
10-08 03:54:50.529 11766 11766 I MSHandlerLifeCycle: removeMultiSplitHandler: no exist. decor=DecorView@ec250dc[MainActivity]
10-08 03:54:50.529 11766 11766 I SurfaceView@d1e57: onWindowVisibilityChanged(0) false io.flutter.embedding.android.m{d1e57 V.E...... ......ID 0,0-1080,2361} of ViewRootImpl@711bb61[MainActivity]
10-08 03:54:50.529 11766 11766 D SurfaceView@d1e57: updateSurface: surface is not valid
10-08 03:54:50.529 11766 11766 I SurfaceView@d1e57: releaseSurfaces: viewRoot = ViewRootImpl@711bb61[MainActivity]
10-08 03:54:50.530 11766 11766 I SurfaceView@d1e57: applyTransactionOnVriDraw: vri = ViewRootImpl@711bb61[MainActivity] fRS = true t = 0xb400007b2c5f0300 android.view.SurfaceView.releaseSurfaces:858 android.view.SurfaceView.updateSurface:998 android.view.SurfaceView.onWindowVisibilityChanged:371 
10-08 03:54:50.530 11766 11766 I SurfaceView@d1e57: applyTransactionOnVriDraw: viewRoot.applyTransactionOnDrawFromReleaseSurfaces
10-08 03:54:50.530 11766 11766 I ViewRootImpl@711bb61[MainActivity]: applyTransactionOnDraw: mRemoved = false isHardwareEnabled = false t = 0xb400007b2c5f0300android.view.ViewRootImpl.applyTransactionOnDrawFromReleaseSurfaces:12850 android.view.SurfaceView.applyTransactionOnVriDraw:2046 android.view.SurfaceView.releaseSurfaces:858 android.view.SurfaceView.updateSurface:998 android.view.SurfaceView.onWindowVisibilityChanged:371 
10-08 03:54:50.531 11766 11766 I ViewRootImpl@711bb61[MainActivity]: performTraversals params={(0,0)(fillxfill) sim={adjust=resize forwardNavigation} ty=BASE_APPLICATION fmt=TRANSLUCENT wanim=0x1030001
10-08 03:54:50.531 11766 11766 I ViewRootImpl@711bb61[MainActivity]:   fl=81810100
10-08 03:54:50.531 11766 11766 I ViewRootImpl@711bb61[MainActivity]:   pfl=16020040
10-08 03:54:50.531 11766 11766 I ViewRootImpl@711bb61[MainActivity]:   vsysui=2500
10-08 03:54:50.531 11766 11766 I ViewRootImpl@711bb61[MainActivity]:   apr=LIGHT_STATUS_BARS
10-08 03:54:50.531 11766 11766 I ViewRootImpl@711bb61[MainActivity]:   bhv=DEFAULT
10-08 03:54:50.531 11766 11766 I ViewRootImpl@711bb61[MainActivity]:   fitSides= naviIconColor=0}
10-08 03:54:50.532 11766 11766 I ViewRootImpl@711bb61[MainActivity]: performTraversals mFirst=false windowShouldResize=false viewVisibilityChanged=true mForceNextWindowRelayout=false params={(0,0)(fillxfill) sim={adjust=resize forwardNavigation} ty=BASE_APPLICATION fmt=TRANSLUCENT wanim=0x1030001
10-08 03:54:50.532 11766 11766 I ViewRootImpl@711bb61[MainActivity]:   fl=81810100
10-08 03:54:50.532 11766 11766 I ViewRootImpl@711bb61[MainActivity]:   pfl=16020040
10-08 03:54:50.532 11766 11766 I ViewRootImpl@711bb61[MainActivity]:   vsysui=2500
10-08 03:54:50.532 11766 11766 I ViewRootImpl@711bb61[MainActivity]:   apr=LIGHT_STATUS_BARS
10-08 03:54:50.532 11766 11766 I ViewRootImpl@711bb61[MainActivity]:   bhv=DEFAULT
10-08 03:54:50.532 11766 11766 I ViewRootImpl@711bb61[MainActivity]:   fitSides= naviIconColor=0}
10-08 03:54:50.533  1189  1234 I SurfaceFlinger: id=110293 createSurf, flag=40004, com.flybo.users/com.flybo.users.MainActivity$_11766#110293
10-08 03:54:50.533  1294  4811 D WindowManager: makeSurface duration=1 name=com.flybo.users/com.flybo.users.MainActivity$_11766
10-08 03:54:50.538  1294  4811 V WindowManager: Relayout hash=3aef703, pid=11766, syncId=-1: mAttrs={(0,0)(fillxfill) sim={adjust=resize forwardNavigation} ty=BASE_APPLICATION fmt=TRANSLUCENT wanim=0x1030001
10-08 03:54:50.539 11766 11766 I ViewRootImpl@711bb61[MainActivity]: updateBlastSurfaceIfNeeded mBlastBufferQueue=null isSameSurfaceControl=false
10-08 03:54:50.539 11766 11766 I BLASTBufferQueue: new BLASTBufferQueue, mName= ViewRootImpl@711bb61[MainActivity] mNativeObject= 0xb400007bce127580 sc.mNativeObject= 0xb400007b2c696fa0 caller= android.view.ViewRootImpl.updateBlastSurfaceIfNeeded:2909 android.view.ViewRootImpl.relayoutWindow:9847 android.view.ViewRootImpl.performTraversals:3884 android.view.ViewRootImpl.doTraversal:3116 android.view.ViewRootImpl$TraversalRunnable.run:10885 android.view.Choreographer$CallbackRecord.run:1301 android.view.Choreographer$CallbackRecord.run:1309 android.view.Choreographer.doCallbacks:923 android.view.Choreographer.doFrame:852 android.view.Choreographer$FrameDisplayEventReceiver.run:1283 
10-08 03:54:50.540 11766 11766 I BLASTBufferQueue: update, w= 1080 h= 2400 mName = ViewRootImpl@711bb61[MainActivity] mNativeObject= 0xb400007bce127580 sc.mNativeObject= 0xb400007b2c696fa0 format= -3 caller= android.graphics.BLASTBufferQueue.<init>:84 android.view.ViewRootImpl.updateBlastSurfaceIfNeeded:2909 android.view.ViewRootImpl.relayoutWindow:9847 android.view.ViewRootImpl.performTraversals:3884 android.view.ViewRootImpl.doTraversal:3116 android.view.ViewRootImpl$TraversalRunnable.run:10885 
10-08 03:54:50.540 11766 11766 I ViewRootImpl@711bb61[MainActivity]: Relayout returned: old=(0,0,1080,2400) new=(0,0,1080,2400) req=(1080,2400)0 dur=7 res=0x3 s={true 0xb400007bacbcd000} ch=true seqId=0
10-08 03:54:50.540 11766 11766 I ViewRootImpl@711bb61[MainActivity]: mThreadedRenderer.initialize() mSurface={isValid=true 0xb400007bacbcd000} hwInitialized=true
10-08 03:54:50.540 11766 11828 D OpenGLRenderer: eglCreateWindowSurface
10-08 03:54:50.540 11766 11766 I SurfaceView@d1e57: Changes: creating=false format=false size=false visible=false alpha=false hint=false mUseAlpha=false visible=false left=false top=false
10-08 03:54:50.540 11766 11766 I SurfaceView@d1e57: windowStopped(false) true io.flutter.embedding.android.m{d1e57 V.E...... ......ID 0,0-1080,2361} of ViewRootImpl@711bb61[MainActivity]
10-08 03:54:50.540 11766 11766 I SurfaceView@d1e57: Changes: creating=true format=false size=false visible=true alpha=false hint=false mUseAlpha=false visible=true left=false top=false
10-08 03:54:50.541 21067 24353 I SAMSUNGWALLET: [Hint_ProcessStatusChange] fg Change, pid : 11766 , isNotify : true , isForeground : true , fg list : [11766, 2860]
10-08 03:54:50.542 11766 11766 I BLASTBufferQueue: update, w= 1080 h= 2361 mName = null mNativeObject= 0xb400007baccc3700 sc.mNativeObject= 0xb400007bb94d1f00 format= 4 caller= android.view.SurfaceView.createBlastSurfaceControls:1383 android.view.SurfaceView.updateSurface:1079 android.view.SurfaceView.setWindowStopped:335 android.view.SurfaceView.surfaceCreated:1853 android.view.ViewRootImpl.notifySurfaceCreated:2820 android.view.ViewRootImpl.performTraversals:4293 
