10-08 03:54:50.543 11766 11766 I SurfaceView@d1e57: 859735 Cur surface: Surface(name=null)/@0xd54463a
10-08 03:54:50.543 11766 11766 I SurfaceView@d1e57: pST: sr = Rect(0, 0 - 1080, 2361) sw = 1080 sh = 2361
10-08 03:54:50.543 11766 11766 D SurfaceView@d1e57: performSurfaceTransaction RenderWorker position = [0, 0, 1080, 2361] surfaceSize = 1080x2361
10-08 03:54:50.543 11766 11766 I SurfaceView@d1e57: applyTransactionOnVriDraw: vri = ViewRootImpl@711bb61[MainActivity] fRS = false t = 0xb400007c80dea400 android.view.SurfaceView.performSurfaceTransaction:959 android.view.SurfaceView.updateSurface:1105 android.view.SurfaceView.setWindowStopped:335 
10-08 03:54:50.543 11766 11766 I ViewRootImpl@711bb61[MainActivity]: applyTransactionOnDraw: mRemoved = false isHardwareEnabled = true t = 0xb400007c80dea400android.view.SurfaceView.applyTransactionOnVriDraw:2048 android.view.SurfaceView.performSurfaceTransaction:959 android.view.SurfaceView.updateSurface:1105 android.view.SurfaceView.setWindowStopped:335 android.view.SurfaceView.surfaceCreated:1853 
10-08 03:54:50.543 11766 11766 I SurfaceView@d1e57: updateSurface: mVisible = true mSurface.isValid() = true
10-08 03:54:50.543 11766 11766 I SurfaceView@d1e57: updateSurface: mSurfaceCreated = false surfaceChanged = true visibleChanged = true
10-08 03:54:50.543 11766 11766 I SurfaceView@d1e57: visibleChanged -- surfaceCreated
10-08 03:54:50.543 11766 11766 I SurfaceView@d1e57: surfaceCreated 1 #1 io.flutter.embedding.android.m{d1e57 V.E...... ......ID 0,0-1080,2361}
10-08 03:54:50.547 11766 11766 I SurfaceView@d1e57: surfaceChanged -- format=4 w=1080 h=2361
10-08 03:54:50.547 11766 11766 I SurfaceView@d1e57: surfaceChanged (1080,2361) 1 #1 io.flutter.embedding.android.m{d1e57 V.E...... ......ID 0,0-1080,2361}
10-08 03:54:50.547 11766 11766 I SurfaceView@d1e57: surfaceRedrawNeeded
10-08 03:54:50.548 11766 11766 V SurfaceView@d1e57: Layout: x=0 y=0 w=1080 h=2361, frame=Rect(0, 0 - 1080, 2361)
10-08 03:54:50.548 11766 11766 I ViewRootImpl@711bb61[MainActivity]: reportNextDraw android.view.ViewRootImpl.performTraversals:4438 android.view.ViewRootImpl.doTraversal:3116 android.view.ViewRootImpl$TraversalRunnable.run:10885 android.view.Choreographer$CallbackRecord.run:1301 android.view.Choreographer$CallbackRecord.run:1309 
10-08 03:54:50.548 11766 11766 I ViewRootImpl@711bb61[MainActivity]: Setup new sync id=2
10-08 03:54:50.548 11766 11766 I ViewRootImpl@711bb61[MainActivity]: Setting syncFrameCallback
10-08 03:54:50.548 11766 11766 E SurfaceSyncer: Failed to find sync for id=0
10-08 03:54:50.548 11766 11766 E SurfaceSyncer: Failed to find sync for id=1
10-08 03:54:50.548 11766 11766 E SurfaceSyncer: Failed to find sync for id=2
10-08 03:54:50.548 11766 11766 I ViewRootImpl@711bb61[MainActivity]: registerCallbacksForSync syncBuffer=false
10-08 03:54:50.549 11766 12007 D SurfaceView@d1e57: updateSurfacePosition RenderWorker, frameNr = 1, position = [0, 0, 1080, 2361] surfaceSize = 1080x2361
10-08 03:54:50.549 11766 12007 I SurfaceView@d1e57: uSP: rtp = Rect(0, 0 - 1080, 2361) rtsw = 1080 rtsh = 2361
10-08 03:54:50.549 11766 12007 I SurfaceView@d1e57: onSSPAndSRT: pl = 0 pt = 0 sx = 1.0 sy = 1.0
10-08 03:54:50.549 11766 12007 I SurfaceView@d1e57: aOrMT: ViewRootImpl@711bb61[MainActivity] t = android.view.SurfaceControl$Transaction@c33c63e fN = 1 android.view.SurfaceView.-$$Nest$mapplyOrMergeTransaction:0 android.view.SurfaceView$SurfaceViewPositionUpdateListener.positionChanged:1537 android.graphics.RenderNode$CompositePositionUpdateListener.positionChanged:373 
10-08 03:54:50.549 11766 12007 I ViewRootImpl@711bb61[MainActivity]: mWNT: t=0xb400007c80dea900 mBlastBufferQueue=0xb400007bce127580 fn= 1 caller= android.view.SurfaceView.applyOrMergeTransaction:1455 android.view.SurfaceView.-$$Nest$mapplyOrMergeTransaction:0 android.view.SurfaceView$SurfaceViewPositionUpdateListener.positionChanged:1537 
10-08 03:54:50.549 11766 12007 I ViewRootImpl@711bb61[MainActivity]: mWNT: t=0xb400007b2c5f0c00 mBlastBufferQueue=0xb400007bce127580 fn= 1 caller= android.view.ViewRootImpl.lambda$applyTransactionOnDraw$11$android-view-ViewRootImpl:12865 android.view.ViewRootImpl$$ExternalSyntheticLambda1.onFrameDraw:4 android.graphics.HardwareRenderer$FrameDrawingCallback.onFrameDraw:924 
10-08 03:54:50.549 11766 12007 I ViewRootImpl@711bb61[MainActivity]: mWNT: t=0xb400007c80dea400 mBlastBufferQueue=0xb400007bce127580 fn= 1 caller= android.view.ViewRootImpl.lambda$applyTransactionOnDraw$11$android-view-ViewRootImpl:12865 android.view.ViewRootImpl$$ExternalSyntheticLambda1.onFrameDraw:4 android.graphics.HardwareRenderer$FrameDrawingCallback.onFrameDraw:924 
10-08 03:54:50.549 11766 12007 I ViewRootImpl@711bb61[MainActivity]: Received frameDrawingCallback syncResult=0 frameNum=1.
10-08 03:54:50.549 11766 12007 I ViewRootImpl@711bb61[MainActivity]: Setting up sync and frameCommitCallback
10-08 03:54:50.550 11766 11828 I BLASTBufferQueue: [ViewRootImpl@711bb61[MainActivity]#4](f:0,a:0) onFrameAvailable the first frame is available
10-08 03:54:50.550 11766 11828 I ViewRootImpl@711bb61[MainActivity]: Received frameCommittedCallback lastAttemptedDrawFrameNum=1 didProduceBuffer=true
10-08 03:54:50.551 11766 11766 I ViewRootImpl@711bb61[MainActivity]: onSyncComplete
10-08 03:54:50.551 11766 11766 I ViewRootImpl@711bb61[MainActivity]: setupSync seqId=0 mSyncId=2 fn=1 caller=android.view.ViewRootImpl$$ExternalSyntheticLambda11.accept:6 android.window.SurfaceSyncer.lambda$setupSync$1$android-window-SurfaceSyncer:128 android.window.SurfaceSyncer$$ExternalSyntheticLambda1.accept:8 android.window.SurfaceSyncer$SyncSet.checkIfSyncIsComplete:382 android.window.SurfaceSyncer$SyncSet.markSyncReady:359 android.window.SurfaceSyncer.markSyncReady:151 android.view.ViewRootImpl.performTraversals:4503 
10-08 03:54:50.551 11766 11766 I ViewRootImpl@711bb61[MainActivity]: reportDrawFinished seqId=0 mSyncId=-1 fn=1 mSurfaceChangedTransaction=0xb400007bacb41e00
10-08 03:54:50.551 11766 11766 I SurfaceView@d1e57: finishedDrawing
10-08 03:54:50.562 11766 11766 I ViewRootImpl@711bb61[MainActivity]: MSG_WINDOW_FOCUS_CHANGED 1 0
10-08 03:54:50.562 11766 11766 I ViewRootImpl@711bb61[MainActivity]: mThreadedRenderer.initializeIfNeeded()#2 mSurface={isValid=true 0xb400007bacbcd000}
10-08 03:54:50.562 11766 11840 I BLASTBufferQueue: [SurfaceView[com.flybo.users/com.flybo.users.MainActivity]@0#5](f:0,a:0) onFrameAvailable the first frame is available
10-08 03:54:50.562 11766 11766 D InputMethodManager: startInputInner - Id : 0
10-08 03:54:50.562 11766 11766 I InputMethodManager: startInputInner - mService.startInputOrWindowGainedFocus
10-08 03:54:50.567  1189  1189 D SurfaceFlinger:      CLIENT | 0xb400007535665490 | 0100 | RGBA_8888    |    0.0   88.0 1080.0 2362.0 |  206  391  874 1797 | com.flybo.users/com.flybo.users.MainActivity$_11766#110293
10-08 03:54:50.568  5559  5559 I HBD     : HoneyBoardService [IMI] onStartInput - caller pid : 11766 , caller uid : 10323 
10-08 03:54:50.582  1189  1189 D SurfaceFlinger:      CLIENT | 0xb4000075356641c0 | 0100 | RGBA_8888    |    0.0   82.0 1080.0 2365.0 |  192  364  888 1836 | com.flybo.users/com.flybo.users.MainActivity$_11766#110293
10-08 03:54:50.684  1189  1189 D SurfaceFlinger:      CLIENT | 0xb4000075356641c0 | 0100 | RGBA_8888    |    0.0   24.0 1080.0 2390.0 |   57  108 1023 2223 | com.flybo.users/com.flybo.users.MainActivity$_11766#110293
10-08 03:54:50.753  1189  1189 D SurfaceFlinger:      CLIENT | 0xb4000075356641c0 | 0100 | RGBA_8888    |    0.0    7.0 1080.0 2397.0 |   18   34 1062 2343 | com.flybo.users/com.flybo.users.MainActivity$_11766#110293
10-08 03:54:50.841  1189  1189 D SurfaceFlinger:      CLIENT | 0xb4000075356641c0 | 0100 | RGBA_8888    |    0.0    0.0 1080.0 2400.0 |    1    2 1079 2396 | com.flybo.users/com.flybo.users.MainActivity$_11766#110293
10-08 03:54:50.874  1189  1189 D SurfaceFlinger:      DEVICE | 0xb4000075356641c0 | 0100 | RGBA_8888    |    0.0    0.0 1080.0 2400.0 |    0    0 1080 2400 | com.flybo.users/com.flybo.users.MainActivity$_11766#110293
10-08 03:54:50.883 21067 24353 I SAMSUNGWALLET: [Hint_ProcessStatusChange] fg Change, pid : 2860 , isNotify : true , isForeground : false , fg list : [11766]
10-08 03:54:51.148  1294  2103 I InputDispatcher: Delivering touch to (11766): action: 0x0, f=0x0, d=0, '3aef703', t=1 
10-08 03:54:51.149 11766 11766 I ViewRootImpl@711bb61[MainActivity]: ViewPostIme pointer 0
10-08 03:54:51.205  1294  2103 I InputDispatcher: Delivering touch to (11766): action: 0x1, f=0x0, d=0, '3aef703', t=1 
10-08 03:54:51.206 11766 11766 I ViewRootImpl@711bb61[MainActivity]: ViewPostIme pointer 1
10-08 03:54:51.490  1294  2103 I InputDispatcher: Delivering touch to (11766): action: 0x0, f=0x0, d=0, '3aef703', t=1 
10-08 03:54:51.491 11766 11766 I ViewRootImpl@711bb61[MainActivity]: ViewPostIme pointer 0
10-08 03:54:51.499  1294  2103 I InputDispatcher: Delivering touch to (11766): action: 0x105, f=0x0, d=0, '3aef703', t=1 
10-08 03:54:51.772  1294  2103 I InputDispatcher: Delivering touch to (11766): action: 0x6, f=0x0, d=0, '3aef703', t=1 
10-08 03:54:51.772  1294  2103 I InputDispatcher: Delivering touch to (11766): action: 0x1, f=0x0, d=0, '3aef703', t=1 
10-08 03:54:51.773 11766 11766 I ViewRootImpl@711bb61[MainActivity]: ViewPostIme pointer 1
10-08 03:54:51.829  1294  2103 I InputDispatcher: Delivering touch to (11766): action: 0x0, f=0x0, d=0, '3aef703', t=1 
10-08 03:54:51.830 11766 11766 I ViewRootImpl@711bb61[MainActivity]: ViewPostIme pointer 0
10-08 03:54:51.897  1294  2103 I InputDispatcher: Delivering touch to (11766): action: 0x105, f=0x0, d=0, '3aef703', t=1 
10-08 03:54:52.088  1294  2103 I InputDispatcher: Delivering touch to (11766): action: 0x6, f=0x0, d=0, '3aef703', t=1 
10-08 03:54:52.113  1294  2103 I InputDispatcher: Delivering touch to (11766): action: 0x1, f=0x0, d=0, '3aef703', t=1 
10-08 03:54:52.113 11766 11766 I ViewRootImpl@711bb61[MainActivity]: ViewPostIme pointer 1
10-08 03:54:52.272  1294  2103 I InputDispatcher: Delivering touch to (11766): action: 0x0, f=0x0, d=0, '3aef703', t=1 
10-08 03:54:52.273 11766 11766 I ViewRootImpl@711bb61[MainActivity]: ViewPostIme pointer 0
10-08 03:54:52.296  1294  2103 I InputDispatcher: Delivering touch to (11766): action: 0x105, f=0x0, d=0, '3aef703', t=1 
10-08 03:54:52.472  1294  2103 I InputDispatcher: Delivering touch to (11766): action: 0x6, f=0x0, d=0, '3aef703', t=1 
10-08 03:54:52.473  1294  2103 I InputDispatcher: Delivering touch to (11766): action: 0x1, f=0x0, d=0, '3aef703', t=1 
10-08 03:54:52.474 11766 11766 I ViewRootImpl@711bb61[MainActivity]: ViewPostIme pointer 1
10-08 03:54:52.589  1294  2103 I InputDispatcher: Delivering touch to (11766): action: 0x0, f=0x0, d=0, '3aef703', t=1 
10-08 03:54:52.589 11766 11766 I ViewRootImpl@711bb61[MainActivity]: ViewPostIme pointer 0
10-08 03:54:52.655  1294  2103 I InputDispatcher: Delivering touch to (11766): action: 0x105, f=0x0, d=0, '3aef703', t=1 
10-08 03:54:52.906  1294  2103 I InputDispatcher: Delivering touch to (11766): action: 0x106, f=0x0, d=0, '3aef703', t=1 
10-08 03:54:52.937  1294  2103 I InputDispatcher: Delivering touch to (11766): action: 0x1, f=0x0, d=0, '3aef703', t=1 
10-08 03:54:52.938 11766 11766 I ViewRootImpl@711bb61[MainActivity]: ViewPostIme pointer 1
10-08 03:54:53.337  1294  2103 I InputDispatcher: Delivering touch to (11766): action: 0x0, f=0x0, d=0, '3aef703', t=1 
10-08 03:54:53.338 11766 11766 I ViewRootImpl@711bb61[MainActivity]: ViewPostIme pointer 0
10-08 03:54:53.528  1294  2103 I InputDispatcher: Delivering touch to (11766): action: 0x1, f=0x0, d=0, '3aef703', t=1 
10-08 03:54:53.528 11766 11766 I ViewRootImpl@711bb61[MainActivity]: ViewPostIme pointer 1
10-08 03:54:54.254  1294  2103 I InputDispatcher: Delivering touch to (11766): action: 0x0, f=0x0, d=0, '3aef703', t=1 
10-08 03:54:54.256 11766 11766 I ViewRootImpl@711bb61[MainActivity]: ViewPostIme pointer 0
10-08 03:54:54.269  1294  2103 I InputDispatcher: Delivering touch to (11766): action: 0x1, f=0x0, d=0, '3aef703', t=1 
10-08 03:54:54.269 11766 11766 I ViewRootImpl@711bb61[MainActivity]: ViewPostIme pointer 1
10-08 03:54:54.276 11766 11766 W OnBackInvokedCallback: OnBackInvokedCallback is not enabled for the application.
10-08 03:54:54.276 11766 11766 W OnBackInvokedCallback: Set 'android:enableOnBackInvokedCallback="true"' in the application manifest.
10-08 03:54:54.845  1294  2103 I InputDispatcher: Delivering touch to (11766): action: 0x0, f=0x0, d=0, '3aef703', t=1 
10-08 03:54:54.845 11766 11766 I ViewRootImpl@711bb61[MainActivity]: ViewPostIme pointer 0
10-08 03:54:54.901 11766 11766 I ViewRootImpl@711bb61[MainActivity]: ViewPostIme pointer 1
10-08 03:54:54.902  1294  2103 I InputDispatcher: Delivering touch to (11766): action: 0x1, f=0x0, d=0, '3aef703', t=1 
10-08 03:54:55.320  1294  2103 I InputDispatcher: Delivering touch to (11766): action: 0x0, f=0x0, d=0, '3aef703', t=1 
10-08 03:54:55.321 11766 11766 I ViewRootImpl@711bb61[MainActivity]: ViewPostIme pointer 0
10-08 03:54:55.375  1189  1189 D SurfaceFlinger:      DEVICE | 0xb4000075356641c0 | 0100 | RGBA_8888    |    0.0    0.0 1080.0 2400.0 |    0    0 1080 2400 | com.flybo.users/com.flybo.users.MainActivity$_11766#110293
10-08 03:54:55.392  1294  2103 I InputDispatcher: Delivering touch to (11766): action: 0x1, f=0x0, d=0, '3aef703', t=1 
10-08 03:54:55.392 11766 11766 I ViewRootImpl@711bb61[MainActivity]: ViewPostIme pointer 1
10-08 03:54:55.425  1189  1189 D SurfaceFlinger:      DEVICE | 0xb4000075356641c0 | 0100 | RGBA_8888    |    0.0    0.0 1080.0 2400.0 |    0    0 1080 2400 | com.flybo.users/com.flybo.users.MainActivity$_11766#110293
10-08 03:55:06.157  1294  2103 I InputDispatcher: Delivering touch to (11766): action: 0x0, f=0x0, d=0, '3aef703', t=1 

      
10-08 02:29:56.049 15345 15379 E dgis    : E 2024.10.07 21:29:56 UTC 529402109104 ../../../../../../../cpp/modules/common/regions/impl/src/RegionsByGeometryProviderOnline.cpp:231$ Couldn't update regions: SSL peer certificate or SSH remote key was not OK
10-08 02:30:33.325 15345 15391 W dgis    : W 2024.10.07 21:30:33 UTC 529020738736 [zenith] ../../../../../../../../zenith-engine/Src/Network/RemoteDataLoader.inl:188$ Error while getting data key: Tile coordinates (x: 353, y: 347, z_level: 9), text: Max retries count exceeded.
10-08 02:30:33.333 15345 15391 W dgis    : W 2024.10.07 21:30:33 UTC 529020738736 [zenith] ../../../../../../../../zenith-engine/Src/Network/RemoteDataLoader.inl:188$ Error while getting data key: Tile coordinates (x: 88, y: 86, z_level: 7), text: Max retries count exceeded.
10-08 02:30:33.335 15345 15391 W dgis    : W 2024.10.07 21:30:33 UTC 529020738736 [zenith] ../../../../../../../../zenith-engine/Src/Network/RemoteDataLoader.inl:188$ Error while getting data key: Tile coordinates (x: 354, y: 347, z_level: 9), text: Max retries count exceeded.
10-08 02:30:33.340 15345 15391 W dgis    : W 2024.10.07 21:30:33 UTC 529020738736 [zenith] ../../../../../../../../zenith-engine/Src/Network/RemoteDataLoader.inl:188$ Error while getting data key: Tile coordinates (x: 355, y: 347, z_level: 9), text: Max retries count exceeded.
10-08 02:30:33.342 15345 15391 W dgis    : W 2024.10.07 21:30:33 UTC 529020738736 [zenith] ../../../../../../../../zenith-engine/Src/Network/RemoteDataLoader.inl:188$ Error while getting data key: Tile coordinates (x: 355, y: 349, z_level: 9), text: Max retries count exceeded.
10-08 02:30:33.346 15345 15391 W dgis    : W 2024.10.07 21:30:33 UTC 529020738736 [zenith] ../../../../../../../../zenith-engine/Src/Network/RemoteDataLoader.inl:188$ Error while getting data key: Tile coordinates (x: 355, y: 350, z_level: 9), text: Max retries count exceeded.
10-08 02:30:33.348 15345 15391 W dgis    : W 2024.10.07 21:30:33 UTC 529020738736 [zenith] ../../../../../../../../zenith-engine/Src/Network/RemoteDataLoader.inl:188$ Error while getting data key: Tile coordinates (x: 355, y: 346, z_level: 9), text: Max retries count exceeded.
10-08 02:30:33.386 15345 15391 W dgis    : W 2024.10.07 21:30:33 UTC 529020738736 [zenith] ../../../../../../../../zenith-engine/Src/Network/RemoteDataLoader.inl:188$ Error while getting data key: Tile coordinates (x: 353, y: 346, z_level: 9), text: Max retries count exceeded.
10-08 02:30:33.387 15345 15391 W dgis    : W 2024.10.07 21:30:33 UTC 529020738736 [zenith] ../../../../../../../../zenith-engine/Src/Network/RemoteDataLoader.inl:188$ Error while getting data key: Tile coordinates (x: 355, y: 348, z_level: 9), text: Max retries count exceeded.
10-08 02:30:33.389 15345 15391 W dgis    : W 2024.10.07 21:30:33 UTC 529020738736 [zenith] ../../../../../../../../zenith-engine/Src/Network/RemoteDataLoader.inl:188$ Error while getting data key: Tile coordinates (x: 352, y: 350, z_level: 9), text: Max retries count exceeded.
10-08 02:30:33.391 15345 15391 W dgis    : W 2024.10.07 21:30:33 UTC 529020738736 [zenith] ../../../../../../../../zenith-engine/Src/Network/RemoteDataLoader.inl:188$ Error while getting data key: Tile coordinates (x: 354, y: 346, z_level: 9), text: Max retries count exceeded.
10-08 02:30:33.402 15345 15391 W dgis    : W 2024.10.07 21:30:33 UTC 529020738736 [zenith] ../../../../../../../../zenith-engine/Src/Network/RemoteDataLoader.inl:188$ Error while getting data key: Tile coordinates (x: 352, y: 347, z_level: 9), text: Max retries count exceeded.
10-08 02:30:33.410 15345 15391 W dgis    : W 2024.10.07 21:30:33 UTC 529020738736 [zenith] ../../../../../../../../zenith-engine/Src/Network/RemoteDataLoader.inl:188$ Error while getting data key: Tile coordinates (x: 352, y: 348, z_level: 9), text: Max retries count exceeded.
10-08 02:30:33.411 15345 15391 W dgis    : W 2024.10.07 21:30:33 UTC 529020738736 [zenith] ../../../../../../../../zenith-engine/Src/Network/RemoteDataLoader.inl:188$ Error while getting data key: Tile coordinates (x: 352, y: 349, z_level: 9), text: Max retries count exceeded.
10-08 02:30:33.414 15345 15391 W dgis    : W 2024.10.07 21:30:33 UTC 529020738736 [zenith] ../../../../../../../../zenith-engine/Src/Network/RemoteDataLoader.inl:188$ Error while getting data key: Tile coordinates (x: 352, y: 346, z_level: 9), text: Max retries count exceeded.
10-08 02:30:56.046 15345 15379 E dgis    : E 2024.10.07 21:30:56 UTC 529402109104 ../../../../../../../cpp/modules/common/regions/impl/src/RegionsByGeometryProviderOnline.cpp:231$ Couldn't update regions: SSL peer certificate or SSH remote key was not OKq
