10-08 02:38:25.539  1294  2067 D ActivityTaskManager: SafeActivityOptions created, mOriginalCallingPid=1294, mOriginalCallingUid=1000, options=ActivityOptions(117660616), mPackageName=null, mAnimationType=-1, mStartX=0, mStartY=0, mWidth=0, mHeight=0, caller=com.android.server.am.PendingIntentRecord.sendInner:486 com.android.server.am.ActivityManagerService.sendIntentSender:6624 com.android.server.am.ActivityManagerService.sendIntentSender:6613 android.app.PendingIntent.sendAndReturnResult:1029 android.app.PendingIntent.send:1000 com.android.server.alarm.AlarmManagerService$DeliveryTracker.deliverLocked:6377 com.android.server.alarm.AlarmManagerService.deliverAlarmsLocked:5218 
10-08 02:38:54.558  1294  1957 D DisplayPowerController[0]: setCurrentScreenBrightness : 0.29411766
10-08 02:38:54.562  1294  1957 D DisplayPowerController[0]: saveBrightnessInfo: brt:0.29411766 adjBrt:0.29411766 min:0.0 max:1.0 hbm:0 tp:1.0 throttler:0
10-08 02:38:54.563  1294  1957 V DisplayPowerController[0]: Brightness [0.29411766] reason changing to: 'automatic', previous reason: 'last_target'.
10-08 02:38:54.563  1294  1957 I DisplayPowerController[0]: BrightnessEvent: disp=0, brt=0.29411766, rcmdBrt=0.29411766, preBrt=NaN, lux=3.0, preLux=NaN, hbmMax=1.0, hbmMode=off, thrmMax=1.0, flags=, reason=automatic
10-08 02:38:54.568  1294  1294 D BrightnessSynchronizer: updateScreenBrightness: type=2 mPreferredSettingValue=0.15686275(40) currentBrightnessInt=40 currentBrightnessIntFromFloat=75(0.29411766)
10-08 02:38:54.568  1294  1294 D BrightnessSynchronizer: onChange: last float changed: 0.29411766 -> 75
10-08 02:38:54.569  1294  1294 D BrightnessSynchronizer: updateScreenBrightness: type=2 mPreferredSettingValue=0.29411766(75) currentBrightnessInt=75 currentBrightnessIntFromFloat=75(0.29411766)
10-08 02:38:54.570  1294  1294 D BrightnessSynchronizer: updateScreenBrightness: type=1 mPreferredSettingValue=0.29411766(75) currentBrightnessInt=75 currentBrightnessIntFromFloat=75(0.29411766)
10-08 02:40:52.565  1294  1957 D DisplayPowerController[0]: saveBrightnessInfo: brt:0.29411766 adjBrt:0.05882353 min:0.0 max:1.0 hbm:0 tp:1.0 throttler:0
10-08 02:40:52.565  1294  1957 I DisplayPowerController[0]: BrightnessEvent: disp=0, brt=0.05882353, rcmdBrt=0.29411766, preBrt=NaN, lux=3.0, preLux=NaN, hbmMax=1.0, hbmMode=off, thrmMax=1.0, flags=, reason=automatic [ dim ]
10-08 02:40:52.566  1294  1294 D BrightnessSynchronizer: updateScreenBrightness: type=2 mPreferredSettingValue=0.29411766(75) currentBrightnessInt=75 currentBrightnessIntFromFloat=75(0.29411766)
10-08 02:41:02.407  1294  1957 D DisplayPowerController[0]: saveBrightnessInfo: brt:0.29411766 adjBrt:0.29411766 min:0.0 max:1.0 hbm:0 tp:1.0 throttler:0
10-08 02:41:02.408  1294  1957 V DisplayPowerController[0]: Brightness [0.29411766] reason changing to: 'automatic', previous reason: 'automatic [ dim ]'.
10-08 02:41:02.408  1294  1957 I DisplayPowerController[0]: BrightnessEvent: disp=0, brt=0.29411766, rcmdBrt=0.29411766, preBrt=NaN, lux=3.0, preLux=NaN, hbmMax=1.0, hbmMode=off, thrmMax=1.0, flags=, reason=automatic
10-08 02:41:02.409  1294  1294 D BrightnessSynchronizer: updateScreenBrightness: type=2 mPreferredSettingValue=0.29411766(75) currentBrightnessInt=75 currentBrightnessIntFromFloat=75(0.29411766)
10-08 02:43:39.984  1294  1957 D DisplayPowerController[0]: saveBrightnessInfo: brt:0.29411766 adjBrt:0.05882353 min:0.0 max:1.0 hbm:0 tp:1.0 throttler:0
10-08 02:43:39.984  1294  1957 I DisplayPowerController[0]: BrightnessEvent: disp=0, brt=0.05882353, rcmdBrt=0.29411766, preBrt=NaN, lux=3.0, preLux=NaN, hbmMax=1.0, hbmMode=off, thrmMax=1.0, flags=, reason=automatic [ dim ]
10-08 02:43:39.987  1294  1294 D BrightnessSynchronizer: updateScreenBrightness: type=2 mPreferredSettingValue=0.29411766(75) currentBrightnessInt=75 currentBrightnessIntFromFloat=75(0.29411766)
10-08 02:44:20.080  1294  1957 D DisplayPowerController[0]: saveBrightnessInfo: brt:0.29411766 adjBrt:0.29411766 min:0.0 max:1.0 hbm:0 tp:1.0 throttler:0
10-08 02:44:20.080  1294  1957 V DisplayPowerController[0]: Brightness [0.29411766] reason changing to: 'automatic', previous reason: 'automatic [ dim ]'.
10-08 02:44:20.080  1294  1957 I DisplayPowerController[0]: BrightnessEvent: disp=0, brt=0.29411766, rcmdBrt=0.29411766, preBrt=NaN, lux=3.0, preLux=NaN, hbmMax=1.0, hbmMode=off, thrmMax=1.0, flags=, reason=automatic
10-08 02:44:20.082  1294  1294 D BrightnessSynchronizer: updateScreenBrightness: type=2 mPreferredSettingValue=0.29411766(75) currentBrightnessInt=75 currentBrightnessIntFromFloat=75(0.29411766)
10-08 02:44:20.413  1294  1957 D DisplayPowerController[0]: saveBrightnessInfo: brt:0.29411766 adjBrt:0.0 min:0.0 max:1.0 hbm:0 tp:1.0 throttler:0
10-08 02:44:20.418  1294  1294 D BrightnessSynchronizer: updateScreenBrightness: type=2 mPreferredSettingValue=0.29411766(75) currentBrightnessInt=75 currentBrightnessIntFromFloat=75(0.29411766)
10-08 02:50:22.085  1294  1957 D DisplayPowerController[0]: saveBrightnessInfo: brt:0.29411766 adjBrt:0.29411766 min:0.0 max:1.0 hbm:0 tp:1.0 throttler:0
10-08 02:50:22.085  1294  1957 V DisplayPowerController[0]: Brightness [0.29411766] reason changing to: 'automatic', previous reason: 'last_target'.
10-08 02:50:22.085  1294  1957 I DisplayPowerController[0]: BrightnessEvent: disp=0, brt=0.29411766, rcmdBrt=0.29411766, preBrt=NaN, lux=3.0, preLux=NaN, hbmMax=1.0, hbmMode=off, thrmMax=1.0, flags=, reason=automatic
10-08 02:50:22.091  1294  1294 D BrightnessSynchronizer: updateScreenBrightness: type=2 mPreferredSettingValue=0.29411766(75) currentBrightnessInt=75 currentBrightnessIntFromFloat=75(0.29411766)
10-08 02:53:35.395  1294  1957 D DisplayPowerController[0]: saveBrightnessInfo: brt:0.29411766 adjBrt:0.05882353 min:0.0 max:1.0 hbm:0 tp:1.0 throttler:0
10-08 02:53:35.395  1294  1957 I DisplayPowerController[0]: BrightnessEvent: disp=0, brt=0.05882353, rcmdBrt=0.29411766, preBrt=NaN, lux=3.0, preLux=NaN, hbmMax=1.0, hbmMode=off, thrmMax=1.0, flags=, reason=automatic [ dim ]
10-08 02:53:35.396  1294  1294 D BrightnessSynchronizer: updateScreenBrightness: type=2 mPreferredSettingValue=0.29411766(75) currentBrightnessInt=75 currentBrightnessIntFromFloat=75(0.29411766)
10-08 02:53:40.622  1294  1957 D DisplayPowerController[0]: saveBrightnessInfo: brt:0.29411766 adjBrt:0.29411766 min:0.0 max:1.0 hbm:0 tp:1.0 throttler:0
10-08 02:53:40.622  1294  1957 V DisplayPowerController[0]: Brightness [0.29411766] reason changing to: 'automatic', previous reason: 'automatic [ dim ]'.
10-08 02:53:40.622  1294  1957 I DisplayPowerController[0]: BrightnessEvent: disp=0, brt=0.29411766, rcmdBrt=0.29411766, preBrt=NaN, lux=3.0, preLux=NaN, hbmMax=1.0, hbmMode=off, thrmMax=1.0, flags=, reason=automatic
10-08 02:53:40.624  1294  1294 D BrightnessSynchronizer: updateScreenBrightness: type=2 mPreferredSettingValue=0.29411766(75) currentBrightnessInt=75 currentBrightnessIntFromFloat=75(0.29411766)
10-08 02:53:53.219  1294  1957 D DisplayPowerController[0]: saveBrightnessInfo: brt:0.29411766 adjBrt:0.05882353 min:0.0 max:1.0 hbm:0 tp:1.0 throttler:0
10-08 02:53:53.219  1294  1957 I DisplayPowerController[0]: BrightnessEvent: disp=0, brt=0.05882353, rcmdBrt=0.29411766, preBrt=NaN, lux=3.0, preLux=NaN, hbmMax=1.0, hbmMode=off, thrmMax=1.0, flags=, reason=automatic [ dim ]
10-08 02:53:53.242  1294  1294 D BrightnessSynchronizer: updateScreenBrightness: type=2 mPreferredSettingValue=0.29411766(75) currentBrightnessInt=75 currentBrightnessIntFromFloat=75(0.29411766)
10-08 02:53:54.351  1294  1957 D DisplayPowerController[0]: saveBrightnessInfo: brt:0.29411766 adjBrt:0.29411766 min:0.0 max:1.0 hbm:0 tp:1.0 throttler:0
10-08 02:53:54.351  1294  1957 V DisplayPowerController[0]: Brightness [0.29411766] reason changing to: 'automatic', previous reason: 'automatic [ dim ]'.
10-08 02:53:54.351  1294  1957 I DisplayPowerController[0]: BrightnessEvent: disp=0, brt=0.29411766, rcmdBrt=0.29411766, preBrt=NaN, lux=3.0, preLux=NaN, hbmMax=1.0, hbmMode=off, thrmMax=1.0, flags=, reason=automatic
10-08 02:53:54.353  1294  1294 D BrightnessSynchronizer: updateScreenBrightness: type=2 mPreferredSettingValue=0.29411766(75) currentBrightnessInt=75 currentBrightnessIntFromFloat=75(0.29411766)
10-08 02:57:12.443  1294  1957 D DisplayPowerController[0]: saveBrightnessInfo: brt:0.29411766 adjBrt:0.05882353 min:0.0 max:1.0 hbm:0 tp:1.0 throttler:0
10-08 02:57:12.444  1294  1957 I DisplayPowerController[0]: BrightnessEvent: disp=0, brt=0.05882353, rcmdBrt=0.29411766, preBrt=NaN, lux=3.0, preLux=NaN, hbmMax=1.0, hbmMode=off, thrmMax=1.0, flags=, reason=automatic [ dim ]
10-08 02:57:12.451  1294  1294 D BrightnessSynchronizer: updateScreenBrightness: type=2 mPreferredSettingValue=0.29411766(75) currentBrightnessInt=75 currentBrightnessIntFromFloat=75(0.29411766)
10-08 02:57:18.796  1294  1957 D DisplayPowerController[0]: saveBrightnessInfo: brt:0.29411766 adjBrt:0.29411766 min:0.0 max:1.0 hbm:0 tp:1.0 throttler:0
10-08 02:57:18.796  1294  1957 V DisplayPowerController[0]: Brightness [0.29411766] reason changing to: 'automatic', previous reason: 'automatic [ dim ]'.
10-08 02:57:18.796  1294  1957 I DisplayPowerController[0]: BrightnessEvent: disp=0, brt=0.29411766, rcmdBrt=0.29411766, preBrt=NaN, lux=3.0, preLux=NaN, hbmMax=1.0, hbmMode=off, thrmMax=1.0, flags=, reason=automatic
10-08 02:57:18.800  1294  1294 D BrightnessSynchronizer: updateScreenBrightness: type=2 mPreferredSettingValue=0.29411766(75) currentBrightnessInt=75 currentBrightnessIntFromFloat=75(0.29411766)
10-08 02:58:40.387  1294  1294 D BrightnessSynchronizer: updateScreenBrightness: type=2 mPreferredSettingValue=0.29411766(75) currentBrightnessInt=75 currentBrightnessIntFromFloat=137(0.53725487)
10-08 03:09:08.501  1294  1957 D DisplayPowerController[0]: setCurrentScreenBrightness : 0.29411766
10-08 03:09:08.503  1294  1957 D DisplayPowerController[0]: saveBrightnessInfo: brt:0.29411766 adjBrt:0.29411766 min:0.0 max:1.0 hbm:0 tp:1.0 throttler:0
10-08 03:09:08.503  1294  1957 V DisplayPowerController[0]: Brightness [0.29411766] reason changing to: 'automatic', previous reason: 'last_target'.
10-08 03:09:08.503  1294  1957 I DisplayPowerController[0]: BrightnessEvent: disp=0, brt=0.29411766, rcmdBrt=0.29411766, preBrt=NaN, lux=3.0, preLux=NaN, hbmMax=1.0, hbmMode=off, thrmMax=1.0, flags=, reason=automatic
10-08 03:09:08.511  1294  1294 D BrightnessSynchronizer: updateScreenBrightness: type=2 mPreferredSettingValue=0.43137255(110) currentBrightnessInt=110 currentBrightnessIntFromFloat=75(0.29411766)
10-08 03:09:08.511  1294  1294 D BrightnessSynchronizer: onChange: last float changed: 0.29411766 -> 75
10-08 03:09:08.511  1294  1294 D BrightnessSynchronizer: updateScreenBrightness: type=1 mPreferredSettingValue=0.29411766(75) currentBrightnessInt=75 currentBrightnessIntFromFloat=75(0.29411766)
10-08 03:09:08.515  1294  1294 D BrightnessSynchronizer: updateScreenBrightness: type=2 mPreferredSettingValue=0.29411766(75) currentBrightnessInt=75 currentBrightnessIntFromFloat=75(0.29411766)
10-08 03:12:30.888  1294  1957 D DisplayPowerController[0]: saveBrightnessInfo: brt:0.29411766 adjBrt:0.05882353 min:0.0 max:1.0 hbm:0 tp:1.0 throttler:0
10-08 03:12:30.888  1294  1957 I DisplayPowerController[0]: BrightnessEvent: disp=0, brt=0.05882353, rcmdBrt=0.29411766, preBrt=NaN, lux=3.0, preLux=NaN, hbmMax=1.0, hbmMode=off, thrmMax=1.0, flags=, reason=automatic [ dim ]
10-08 03:12:30.889  1294  1294 D BrightnessSynchronizer: updateScreenBrightness: type=2 mPreferredSettingValue=0.29411766(75) currentBrightnessInt=75 currentBrightnessIntFromFloat=75(0.29411766)
10-08 03:12:51.003  1294  1957 D DisplayPowerController[0]: saveBrightnessInfo: brt:0.29411766 adjBrt:0.29411766 min:0.0 max:1.0 hbm:0 tp:1.0 throttler:0
10-08 03:12:51.003  1294  1957 V DisplayPowerController[0]: Brightness [0.29411766] reason changing to: 'automatic', previous reason: 'automatic [ dim ]'.
10-08 03:12:51.003  1294  1957 I DisplayPowerController[0]: BrightnessEvent: disp=0, brt=0.29411766, rcmdBrt=0.29411766, preBrt=NaN, lux=3.0, preLux=NaN, hbmMax=1.0, hbmMode=off, thrmMax=1.0, flags=, reason=automatic
10-08 03:12:51.003  1294  1294 D BrightnessSynchronizer: updateScreenBrightness: type=2 mPreferredSettingValue=0.29411766(75) currentBrightnessInt=75 currentBrightnessIntFromFloat=75(0.29411766)
10-08 03:12:51.352  1294  1957 D DisplayPowerController[0]: saveBrightnessInfo: brt:0.29411766 adjBrt:0.0 min:0.0 max:1.0 hbm:0 tp:1.0 throttler:0
10-08 03:12:51.370  1294  1294 D BrightnessSynchronizer: updateScreenBrightness: type=2 mPreferredSettingValue=0.29411766(75) currentBrightnessInt=75 currentBrightnessIntFromFloat=75(0.29411766)
10-08 03:16:18.888  1294  1294 D BrightnessSynchronizer: updateScreenBrightness: type=2 mPreferredSettingValue=0.29411766(75) currentBrightnessInt=75 currentBrightnessIntFromFloat=83(0.32549018)
10-08 03:54:20.276   990   990 D Zygote  : Forked child process 11766
10-08 03:54:20.285  1294  1865 I ActivityManager: Start proc 11766:com.flybo.users/u0a323 for next-top-activity {com.flybo.users/com.flybo.users.MainActivity}
10-08 03:54:20.323 11766 11766 I com.flybo.users: Using CollectorTypeCC GC.
10-08 03:54:20.326 11766 11766 E com.flybo.users: Not starting debugger since process cannot load the jdwp agent.
10-08 03:54:20.340 11766 11766 D ActivityThread: setConscryptValidator
10-08 03:54:20.341 11766 11766 D ActivityThread: setConscryptValidator - put
10-08 03:54:20.389  1294  2281 I Pageboost: 64 bit checked : true for 11766
10-08 03:54:20.389  1294  2281 I Pageboost: IoRecord pid : 11766, started correctly
10-08 03:54:20.396 11766 11766 D CompatibilityChangeReporter: Compat change id reported: 171979766; UID 10323; state: ENABLED
10-08 03:54:20.403 11766 11766 D nativeloader: Configuring clns-4 for other apk /data/app/~~JlTnlF6vHRsuZ6p6kZEaLw==/com.flybo.users-uHRQ_xR8WdnrYEy6oNq2qQ==/base.apk. target_sdk_version=34, uses_libraries=, library_path=/data/app/~~JlTnlF6vHRsuZ6p6kZEaLw==/com.flybo.users-uHRQ_xR8WdnrYEy6oNq2qQ==/lib/arm64:/data/app/~~JlTnlF6vHRsuZ6p6kZEaLw==/com.flybo.users-uHRQ_xR8WdnrYEy6oNq2qQ==/base.apk!/lib/arm64-v8a, permitted_path=/data:/mnt/expand:/data/user/0/com.flybo.users
10-08 03:54:20.425 11766 11766 V GraphicsEnvironment: ANGLE Developer option for 'com.flybo.users' set to: 'default'
10-08 03:54:20.426 11766 11766 V GraphicsEnvironment: ANGLE GameManagerService for com.flybo.users: false
10-08 03:54:20.426 11766 11766 V GraphicsEnvironment: App is not on the allowlist for updatable production driver.
10-08 03:54:20.439 11766 11766 D NetworkSecurityConfig: No Network Security Config specified, using platform default
10-08 03:54:20.444 11766 11766 D NetworkSecurityConfig: No Network Security Config specified, using platform default
10-08 03:54:20.486 11766 11828 D OpenGLRenderer: RenderThread::requireGlContext()
10-08 03:54:20.486 11766 11828 I AdrenoGLES-0: QUALCOMM build                   : 3dad7f8ed7, I593c16c433
10-08 03:54:20.486 11766 11828 I AdrenoGLES-0: Build Date                       : 10/01/21
10-08 03:54:20.486 11766 11828 I AdrenoGLES-0: OpenGL ES Shader Compiler Version: EV031.32.02.02
10-08 03:54:20.486 11766 11828 I AdrenoGLES-0: Local Branch                     : 
10-08 03:54:20.486 11766 11828 I AdrenoGLES-0: Remote Branch                    : refs/tags/AU_LINUX_ANDROID_LA.UM.9.1.R1.11.00.00.604.073
10-08 03:54:20.486 11766 11828 I AdrenoGLES-0: Remote Branch                    : NONE
10-08 03:54:20.486 11766 11828 I AdrenoGLES-0: Reconstruct Branch               : NOTHING
10-08 03:54:20.486 11766 11828 I AdrenoGLES-0: Build Config                     : S P 10.0.7 AArch64
10-08 03:54:20.486 11766 11828 I AdrenoGLES-0: Driver Path                      : /vendor/lib64/egl/libGLESv2_adreno.so
10-08 03:54:20.491 11766 11828 I AdrenoGLES-0: PFP: 0x016ee190, ME: 0x00000000
10-08 03:54:20.499 11766 11828 D OpenGLRenderer: RenderThread::setGrContext()
10-08 03:54:20.706 11766 11766 W System.err: java.lang.IllegalAccessException: void ru.dgis.sdk.Logger.<init>() is not accessible from java.lang.Class<ru.dgis.sdk.android_jni.AndroidJniPlugin>
10-08 03:54:20.713 11766 11766 W System.err: 	at java.lang.Class.newInstance(Native Method)
10-08 03:54:20.713 11766 11766 W System.err: 	at ru.dgis.sdk.android_jni.AndroidJniPlugin.initializeLoggerWithReflection(Unknown Source:23)
10-08 03:54:20.713 11766 11766 W System.err: 	at ru.dgis.sdk.android_jni.AndroidJniPlugin.setup(Unknown Source:0)
10-08 03:54:20.713 11766 11766 W System.err: 	at ru.dgis.sdk.android_jni.AndroidJniPlugin.onAttachedToEngine(Unknown Source:14)
10-08 03:54:20.713 11766 11766 W System.err: 	at io.flutter.embedding.engine.c.f(Unknown Source:113)
10-08 03:54:20.713 11766 11766 W System.err: 	at io.flutter.plugins.GeneratedPluginRegistrant.registerWith(Unknown Source:11)
10-08 03:54:20.713 11766 11766 W System.err: 	at java.lang.reflect.Method.invoke(Native Method)
10-08 03:54:20.713 11766 11766 W System.err: 	at m1.a.a(Unknown Source:21)
10-08 03:54:20.713 11766 11766 W System.err: 	at io.flutter.embedding.android.f.F(Unknown Source:9)
10-08 03:54:20.713 11766 11766 W System.err: 	at io.flutter.embedding.android.g.s(Unknown Source:58)
10-08 03:54:20.713 11766 11766 W System.err: 	at io.flutter.embedding.android.f.onCreate(Unknown Source:13)
10-08 03:54:20.713 11766 11766 W System.err: 	at android.app.Activity.performCreate(Activity.java:8591)
10-08 03:54:20.713 11766 11766 W System.err: 	at android.app.Activity.performCreate(Activity.java:8570)
10-08 03:54:20.713 11766 11766 W System.err: 	at android.app.Instrumentation.callActivityOnCreate(Instrumentation.java:1384)
10-08 03:54:20.713 11766 11766 W System.err: 	at android.app.ActivityThread.performLaunchActivity(ActivityThread.java:4150)
10-08 03:54:20.713 11766 11766 W System.err: 	at android.app.ActivityThread.handleLaunchActivity(ActivityThread.java:4325)
10-08 03:54:20.713 11766 11766 W System.err: 	at android.app.servertransaction.LaunchActivityItem.execute(LaunchActivityItem.java:101)
10-08 03:54:20.713 11766 11766 W System.err: 	at android.app.servertransaction.TransactionExecutor.executeCallbacks(TransactionExecutor.java:135)
10-08 03:54:20.713 11766 11766 W System.err: 	at android.app.servertransaction.TransactionExecutor.execute(TransactionExecutor.java:95)
10-08 03:54:20.713 11766 11766 W System.err: 	at android.app.ActivityThread$H.handleMessage(ActivityThread.java:2574)
10-08 03:54:20.713 11766 11766 W System.err: 	at android.os.Handler.dispatchMessage(Handler.java:106)
10-08 03:54:20.713 11766 11766 W System.err: 	at android.os.Looper.loopOnce(Looper.java:226)
10-08 03:54:20.713 11766 11766 W System.err: 	at android.os.Looper.loop(Looper.java:313)
10-08 03:54:20.714 11766 11766 W System.err: 	at android.app.ActivityThread.main(ActivityThread.java:8762)
10-08 03:54:20.714 11766 11766 W System.err: 	at java.lang.reflect.Method.invoke(Native Method)
10-08 03:54:20.714 11766 11766 W System.err: 	at com.android.internal.os.RuntimeInit$MethodAndArgsCaller.run(RuntimeInit.java:604)
10-08 03:54:20.714 11766 11766 W System.err: 	at com.android.internal.os.ZygoteInit.main(ZygoteInit.java:1067)
10-08 03:54:20.727 11766 11766 D SurfaceView@d1e57:  setAlpha: mUseAlpha = false alpha=0.0
10-08 03:54:20.727 11766 11766 D SurfaceView@d1e57:  updateSurfaceAlpha: setUseAlpha() is not called, ignored.
10-08 03:54:20.750 11766 11766 I DecorView: [INFO] isPopOver=false config=true
10-08 03:54:20.750 11766 11766 I DecorView: updateCaptionType: isFloating=false isApplication=true hasWindowDecorCaption=false this=DecorView@ec250dc[]
10-08 03:54:20.750 11766 11766 D DecorView: setCaptionType = 0, this = DecorView@ec250dc[]
10-08 03:54:20.751 11766 11766 I DecorView: getCurrentDensityDpi: from real metrics. densityDpi=420 msg=resources_loaded
10-08 03:54:20.751 11766 11766 I DecorView: setWindowBackground: isPopOver=false color=ff000000 d=android.graphics.drawable.ColorDrawable@96b98ba
10-08 03:54:20.756 11766 11766 I MSHandlerLifeCycle: check: return. pkg=com.flybo.users parent=null callers=com.android.internal.policy.DecorView.setVisibility:4412 android.app.ActivityThread.handleResumeActivity:5476 android.app.servertransaction.ResumeActivityItem.execute:54 android.app.servertransaction.ActivityTransactionItem.execute:45 android.app.servertransaction.TransactionExecutor.executeLifecycleState:176 
10-08 03:54:20.756 11766 11766 I MSHandlerLifeCycle: removeMultiSplitHandler: no exist. decor=DecorView@ec250dc[]
10-08 03:54:20.760 11766 11828 D NativeCustomFrequencyManager: [NativeCFMS] BpCustomFrequencyManager::BpCustomFrequencyManager()
10-08 03:54:20.766 11766 11766 I DecorView: notifyKeepScreenOnChanged: keepScreenOn=false
10-08 03:54:20.773 11766 11766 D InsetsController: onStateChanged: InsetsState: {mDisplayFrame=Rect(0, 0 - 1080, 2400), mDisplayCutout=DisplayCutout{insets=Rect(0, 93 - 0, 0) waterfall=Insets{left=0, top=0, right=0, bottom=0} boundingRect={Bounds=[Rect(0, 0 - 0, 0), Rect(501, 0 - 579, 93), Rect(0, 0 - 0, 0), Rect(0, 0 - 0, 0)]} cutoutPathParserInfo={CutoutPathParserInfo{displayWidth=1080 displayHeight=2400 physicalDisplayWidth=1080 physicalDisplayHeight=2400 density={2.625} cutoutSpec={M 0,0 H -14.85714285714286 V 35.42857142857143 H 14.85714285714286 V 0 H 0 Z @dp} rotation={0} scale={1.0} physicalPixelDisplaySizeRatio={1.0}}}}, mRoundedCorners=RoundedCorners{[RoundedCorner{position=TopLeft, radius=84, center=Point(84, 84)}, RoundedCorner{position=TopRight, radius=84, center=Point(996, 84)}, RoundedCorner{position=BottomRight, radius=84, center=Point(996, 2316)}, RoundedCorner{position=BottomLeft, radius=84, center=Point(84, 2316)}]}  mRoundedCornerFrame=Rect(0, 0 - 1080, 2400), mPrivacyIndicatorBounds=PrivacyIndicatorBounds {static bounds=Rect(964, 0 - 1080, 93) rotation=0}, mSources= { InsetsSource: {mType=ITYPE_STATUS_BAR, mFrame=[0,0][1080,93], mVisible=true, mInsetsRoundedCornerFrame=false}, InsetsSource: {mType=ITYPE_NAVIGATION_BAR, mFrame=[0,2361][1080,2400], mVisible=true, mInsetsRoundedCornerFrame=false}, InsetsSource: {mType=ITYPE_LEFT_GESTURES, mFrame=[0,0][78,2400], mVisible=true, mInsetsRoundedCornerFrame=false}, InsetsSource: {mType=ITYPE_RIGHT_GESTURES, mFrame=[1002,0][1080,2400], mVisible=true, mInsetsRoundedCornerFrame=false}, InsetsSource: {mType=ITYPE_TOP_MANDATORY_GESTURES, mFrame=[0,0][1080,125], mVisible=true, mInsetsRoundedCornerFrame=false}, InsetsSource: {mType=ITYPE_BOTTOM_MANDATORY_GESTURES, mFrame=[0,2316][1080,2400], mVisible=true, mInsetsRoundedCornerFrame=false}, InsetsSource: {mType=ITYPE_LEFT_DISPLAY_CUTOUT, mFrame=[0,0][-100000,2400], mVisible=true, mInsetsRoundedCornerFrame=false}, InsetsSource: {mType=ITYPE_TOP_DISPLAY_CUTOUT, mFrame=[0,0][1080,93], mVisible=true, mInsetsRoundedCornerFrame=false}, InsetsSource: {mType=ITYPE_RIGHT_DISPLAY_CUTOUT, mFrame=[100000,0][1080,2400], mVisible=true, mInsetsRoundedCornerFrame=false}, InsetsSource: {mType=ITYPE_BOTTOM_DISPLAY_CUTOUT, mFrame=[0,100000][1080,2400], mVisible=true, mInsetsRoundedCornerFrame=false}, InsetsSource: {mType=ITYPE_TOP_TAPPABLE_ELEMENT, mFrame=[0,0][1080,93], mVisible=true, mInsetsRoundedCornerFrame=false}, InsetsSource: {mType=ITYPE_BOTTOM_TAPPABLE_ELEMENT, mFrame=[0,0][0,0], mVisible=true, mInsetsRoundedCornerFrame=false} } host=com.flybo.users/com.flybo.users.MainActivity from=android.view.ViewRootImpl.setView:1732
10-08 03:54:20.776 11766 11766 I ViewRootImpl@711bb61[MainActivity]: setView = com.android.internal.policy.DecorView@ec250dc TM=true
10-08 03:54:20.778 11766 11766 I MSHandlerLifeCycle: removeMultiSplitHandler: no exist. decor=DecorView@ec250dc[MainActivity]
10-08 03:54:20.782 11766 11839 D ConnectivityManager: StackLog: [android.net.ConnectivityManager.sendRequestForNetwork(ConnectivityManager.java:4402)] [android.net.ConnectivityManager.registerDefaultNetworkCallbackForUid(ConnectivityManager.java:4966)] [android.net.ConnectivityManager.registerDefaultNetworkCallback(ConnectivityManager.java:4933)] [android.net.ConnectivityManager.registerDefaultNetworkCallback(ConnectivityManager.java:4907)] [ru.dgis.sdk.platform.h.a(Unknown Source:0)] [ru.dgis.sdk.platform.NetworkConnectionManager.subscribe(Unknown Source:27)] [ru.dgis.sdk.platform.NetworkConnectionManager.activate(Unknown Source:9)]
10-08 03:54:20.783  1294  2981 D ConnectivityService: requestNetwork for uid/pid:10323/11766 activeRequest: null callbackRequest: 36375 [NetworkRequest [ REQUEST id=36376, [ Capabilities: INTERNET&NOT_RESTRICTED&TRUSTED&NOT_VCN_MANAGED Uid: 10323 RequestorUid: 10323 RequestorPkg: com.flybo.users UnderlyingNetworks: Null] ]] callback flags: 0 order: 2147483647
10-08 03:54:20.785 11766 11766 I SurfaceView@d1e57: onWindowVisibilityChanged(0) true io.flutter.embedding.android.m{d1e57 V.E...... ......I. 0,0-0,0} of ViewRootImpl@711bb61[MainActivity]
10-08 03:54:20.785 11766 11766 D SurfaceView@d1e57: updateSurface: has no frame
10-08 03:54:20.787 11766 11766 I ViewRootImpl@711bb61[MainActivity]: performTraversals params={(0,0)(fillxfill) sim={adjust=resize forwardNavigation} ty=BASE_APPLICATION wanim=0x1030001
10-08 03:54:20.787 11766 11766 I ViewRootImpl@711bb61[MainActivity]:   fl=81810100
10-08 03:54:20.787 11766 11766 I ViewRootImpl@711bb61[MainActivity]:   pfl=12020040
10-08 03:54:20.787 11766 11766 I ViewRootImpl@711bb61[MainActivity]:   vsysui=500
10-08 03:54:20.787 11766 11766 I ViewRootImpl@711bb61[MainActivity]:   bhv=DEFAULT
10-08 03:54:20.787 11766 11766 I ViewRootImpl@711bb61[MainActivity]:   fitSides= naviIconColor=0}
10-08 03:54:20.787 11766 11766 I ViewRootImpl@711bb61[MainActivity]: performTraversals mFirst=true windowShouldResize=true viewVisibilityChanged=false mForceNextWindowRelayout=false params={(0,0)(fillxfill) sim={adjust=resize forwardNavigation} ty=BASE_APPLICATION fmt=TRANSLUCENT wanim=0x1030001
10-08 03:54:20.787 11766 11766 I ViewRootImpl@711bb61[MainActivity]:   fl=81810100
10-08 03:54:20.787 11766 11766 I ViewRootImpl@711bb61[MainActivity]:   pfl=12020040
10-08 03:54:20.787 11766 11766 I ViewRootImpl@711bb61[MainActivity]:   vsysui=500
10-08 03:54:20.787 11766 11766 I ViewRootImpl@711bb61[MainActivity]:   bhv=DEFAULT
10-08 03:54:20.787 11766 11766 I ViewRootImpl@711bb61[MainActivity]:   fitSides= naviIconColor=0}
10-08 03:54:20.788  1189  1234 I SurfaceFlinger: id=110242 createSurf, flag=40004, com.flybo.users/com.flybo.users.MainActivity$_11766#110242
10-08 03:54:20.789  1294  4798 D WindowManager: makeSurface duration=1 name=com.flybo.users/com.flybo.users.MainActivity$_11766
10-08 03:54:20.795  1294  4798 V WindowManager: Relayout hash=3aef703, pid=11766, syncId=-1: mAttrs={(0,0)(fillxfill) sim={adjust=resize forwardNavigation} ty=BASE_APPLICATION fmt=TRANSLUCENT wanim=0x1030001
10-08 03:54:20.797 11766 11766 I ViewRootImpl@711bb61[MainActivity]: updateBlastSurfaceIfNeeded mBlastBufferQueue=null isSameSurfaceControl=false
10-08 03:54:20.797 11766 11766 E BufferQueueProducer: Unable to open libpenguin.so: dlopen failed: library "libpenguin.so" not found.
10-08 03:54:20.798 11766 11766 I BLASTBufferQueue: new BLASTBufferQueue, mName= ViewRootImpl@711bb61[MainActivity] mNativeObject= 0xb400007bce127580 sc.mNativeObject= 0xb400007bb94d1be0 caller= android.view.ViewRootImpl.updateBlastSurfaceIfNeeded:2909 android.view.ViewRootImpl.relayoutWindow:9847 android.view.ViewRootImpl.performTraversals:3884 android.view.ViewRootImpl.doTraversal:3116 android.view.ViewRootImpl$TraversalRunnable.run:10885 android.view.Choreographer$CallbackRecord.run:1301 android.view.Choreographer$CallbackRecord.run:1309 android.view.Choreographer.doCallbacks:923 android.view.Choreographer.doFrame:852 android.view.Choreographer$FrameDisplayEventReceiver.run:1283 
10-08 03:54:20.798 11766 11766 I BLASTBufferQueue: update, w= 1080 h= 2400 mName = ViewRootImpl@711bb61[MainActivity] mNativeObject= 0xb400007bce127580 sc.mNativeObject= 0xb400007bb94d1be0 format= -3 caller= android.graphics.BLASTBufferQueue.<init>:84 android.view.ViewRootImpl.updateBlastSurfaceIfNeeded:2909 android.view.ViewRootImpl.relayoutWindow:9847 android.view.ViewRootImpl.performTraversals:3884 android.view.ViewRootImpl.doTraversal:3116 android.view.ViewRootImpl$TraversalRunnable.run:10885 
10-08 03:54:20.798 11766 11766 I ViewRootImpl@711bb61[MainActivity]: Relayout returned: old=(0,0,1080,2400) new=(0,0,1080,2400) req=(1080,2400)0 dur=10 res=0x3 s={true 0xb400007bacbcd000} ch=true seqId=0
10-08 03:54:20.798  1189  1235 W ServiceManager: Permission failure: android.permission.ACCESS_SURFACE_FLINGER from uid=10323 pid=11766
10-08 03:54:20.799  1189  1235 W ServiceManager: Permission failure: android.permission.ROTATE_SURFACE_FLINGER from uid=10323 pid=11766
10-08 03:54:20.799  1189  1235 W ServiceManager: Permission failure: android.permission.INTERNAL_SYSTEM_WINDOW from uid=10323 pid=11766
10-08 03:54:20.799 11766 11766 I ViewRootImpl@711bb61[MainActivity]: mThreadedRenderer.initialize() mSurface={isValid=true 0xb400007bacbcd000} hwInitialized=true
10-08 03:54:20.799 11766 11766 D SurfaceView@d1e57: updateSurface: has no frame
10-08 03:54:20.800 11766 11766 I SurfaceView@d1e57: windowStopped(false) true io.flutter.embedding.android.m{d1e57 V.E...... ......ID 0,0-1080,2361} of ViewRootImpl@711bb61[MainActivity]
10-08 03:54:20.800 11766 11766 D SurfaceView@d1e57: updateSurface: has no frame
10-08 03:54:20.801 11766 11766 I ViewRootImpl@711bb61[MainActivity]: reportNextDraw android.view.ViewRootImpl.performTraversals:4438 android.view.ViewRootImpl.doTraversal:3116 android.view.ViewRootImpl$TraversalRunnable.run:10885 android.view.Choreographer$CallbackRecord.run:1301 android.view.Choreographer$CallbackRecord.run:1309 
10-08 03:54:20.801 11766 11766 I SurfaceView@d1e57: Changes: creating=true format=true size=true visible=true alpha=false hint=false mUseAlpha=false visible=true left=true top=true
10-08 03:54:20.802 11766 11828 D OpenGLRenderer: eglCreateWindowSurface
10-08 03:54:20.804 11766 11766 I BLASTBufferQueue: update, w= 1080 h= 2361 mName = null mNativeObject= 0xb400007baccc3700 sc.mNativeObject= 0xb400007bb94d2a40 format= 4 caller= android.view.SurfaceView.createBlastSurfaceControls:1383 android.view.SurfaceView.updateSurface:1079 android.view.SurfaceView.lambda$new$0$android-view-SurfaceView:200 android.view.SurfaceView$$ExternalSyntheticLambda5.onPreDraw:2 android.view.ViewTreeObserver.dispatchOnPreDraw:1121 android.view.ViewRootImpl.performTraversals:4442 
10-08 03:54:20.804 11766 11766 I SurfaceView@d1e57: 859735 Cur surface: Surface(name=null)/@0xd54463a
10-08 03:54:20.804 11766 11766 I SurfaceView@d1e57: pST: sr = Rect(0, 0 - 1080, 2361) sw = 1080 sh = 2361
10-08 03:54:20.805 11766 11766 D SurfaceView@d1e57: performSurfaceTransaction RenderWorker position = [0, 0, 1080, 2361] surfaceSize = 1080x2361
10-08 03:54:20.805 11766 11766 I SurfaceView@d1e57: applyTransactionOnVriDraw: vri = ViewRootImpl@711bb61[MainActivity] fRS = false t = 0xb400007bacb29c00 android.view.SurfaceView.performSurfaceTransaction:959 android.view.SurfaceView.updateSurface:1105 android.view.SurfaceView.lambda$new$0$android-view-SurfaceView:200 
10-08 03:54:20.805 11766 11766 I ViewRootImpl@711bb61[MainActivity]: applyTransactionOnDraw: mRemoved = false isHardwareEnabled = true t = 0xb400007bacb29c00android.view.SurfaceView.applyTransactionOnVriDraw:2048 android.view.SurfaceView.performSurfaceTransaction:959 android.view.SurfaceView.updateSurface:1105 android.view.SurfaceView.lambda$new$0$android-view-SurfaceView:200 android.view.SurfaceView$$ExternalSyntheticLambda5.onPreDraw:2 
10-08 03:54:20.805 11766 11766 I SurfaceView@d1e57: updateSurface: mVisible = true mSurface.isValid() = true
10-08 03:54:20.805 11766 11766 I SurfaceView@d1e57: updateSurface: mSurfaceCreated = false surfaceChanged = true visibleChanged = true
10-08 03:54:20.805 11766 11766 I SurfaceView@d1e57: visibleChanged -- surfaceCreated
10-08 03:54:20.805 11766 11766 I SurfaceView@d1e57: surfaceCreated 1 #8 io.flutter.embedding.android.m{d1e57 V.E...... ......ID 0,0-1080,2361}
10-08 03:54:20.811 11766 11766 I SurfaceView@d1e57: surfaceChanged -- format=4 w=1080 h=2361
10-08 03:54:20.811 11766 11766 I SurfaceView@d1e57: surfaceChanged (1080,2361) 1 #8 io.flutter.embedding.android.m{d1e57 V.E...... ......ID 0,0-1080,2361}
10-08 03:54:20.811 11766 11766 I SurfaceView@d1e57: surfaceRedrawNeeded
10-08 03:54:20.813 11766 11766 V SurfaceView@d1e57: Layout: x=0 y=0 w=1080 h=2361, frame=Rect(0, 0 - 1080, 2361)
10-08 03:54:20.820 11766 11766 I SurfaceView@d1e57: finishedDrawing
10-08 03:54:20.888 11766 11886 E dgis    : E 2024.10.07 22:54:20 UTC 529228184752 ../../../../../../../android/sdk/src/main/cpp/HttpClient.cpp:53$ Java exception: u1.w: lateinit property options has not been initialized
10-08 03:54:20.888 11766 11886 E dgis    : E 2024.10.07 22:54:20 UTC 529228184752 ../../../../../../../android/sdk/src/main/cpp/HttpClient.cpp:73$ Exception in get_system_certificate_file(): u1.w: lateinit property options has not been initialized
10-08 03:54:21.007 11766 11766 I DecorView: notifyKeepScreenOnChanged: keepScreenOn=false
10-08 03:54:21.008 11766 11766 I ViewRootImpl@711bb61[MainActivity]: performTraversals params={(0,0)(fillxfill) sim={adjust=resize forwardNavigation} ty=BASE_APPLICATION fmt=TRANSLUCENT wanim=0x1030001
10-08 03:54:21.008 11766 11766 I ViewRootImpl@711bb61[MainActivity]:   fl=81810100
10-08 03:54:21.008 11766 11766 I ViewRootImpl@711bb61[MainActivity]:   pfl=16020040
10-08 03:54:21.008 11766 11766 I ViewRootImpl@711bb61[MainActivity]:   vsysui=2500
10-08 03:54:21.008 11766 11766 I ViewRootImpl@711bb61[MainActivity]:   apr=LIGHT_STATUS_BARS
10-08 03:54:21.008 11766 11766 I ViewRootImpl@711bb61[MainActivity]:   bhv=DEFAULT
10-08 03:54:21.008 11766 11766 I ViewRootImpl@711bb61[MainActivity]:   fitSides= naviIconColor=0}
10-08 03:54:21.011 11766 11766 I ViewRootImpl@711bb61[MainActivity]: performTraversals mFirst=false windowShouldResize=false viewVisibilityChanged=false mForceNextWindowRelayout=false params={(0,0)(fillxfill) sim={adjust=resize forwardNavigation} ty=BASE_APPLICATION fmt=TRANSLUCENT wanim=0x1030001
10-08 03:54:21.011 11766 11766 I ViewRootImpl@711bb61[MainActivity]:   fl=81810100
10-08 03:54:21.011 11766 11766 I ViewRootImpl@711bb61[MainActivity]:   pfl=16020040
10-08 03:54:21.011 11766 11766 I ViewRootImpl@711bb61[MainActivity]:   vsysui=2500
10-08 03:54:21.011 11766 11766 I ViewRootImpl@711bb61[MainActivity]:   apr=LIGHT_STATUS_BARS
10-08 03:54:21.011 11766 11766 I ViewRootImpl@711bb61[MainActivity]:   bhv=DEFAULT
10-08 03:54:21.011 11766 11766 I ViewRootImpl@711bb61[MainActivity]:   fitSides= naviIconColor=0}
10-08 03:54:21.015  1294  4818 V WindowManager: Relayout hash=3aef703, pid=11766, syncId=-1: mAttrs={(0,0)(fillxfill) sim={adjust=resize forwardNavigation} ty=BASE_APPLICATION fmt=TRANSLUCENT wanim=0x1030001
10-08 03:54:21.016 11766 11766 I ViewRootImpl@711bb61[MainActivity]: updateBlastSurfaceIfNeeded mBlastBufferQueue=0xb400007bce127580 isSameSurfaceControl=true
10-08 03:54:21.016 11766 11766 I BLASTBufferQueue: update, w= 1080 h= 2400 mName = ViewRootImpl@711bb61[MainActivity] mNativeObject= 0xb400007bce127580 sc.mNativeObject= 0xb400007b2c696fa0 format= -3 caller= android.view.ViewRootImpl.updateBlastSurfaceIfNeeded:2898 android.view.ViewRootImpl.relayoutWindow:9847 android.view.ViewRootImpl.performTraversals:3884 android.view.ViewRootImpl.doTraversal:3116 android.view.ViewRootImpl$TraversalRunnable.run:10885 android.view.Choreographer$CallbackRecord.run:1301 
10-08 03:54:21.016 11766 11766 I ViewRootImpl@711bb61[MainActivity]: Relayout returned: old=(0,0,1080,2400) new=(0,0,1080,2400) req=(1080,2400)0 dur=5 res=0x1 s={true 0xb400007bacbcd000} ch=false seqId=0
10-08 03:54:21.017 11766 11766 I ViewRootImpl@711bb61[MainActivity]: updateBoundsLayer: t = android.view.SurfaceControl$Transaction@69ea13a sc = Surface(name=Bounds for - com.flybo.users/com.flybo.users.MainActivity@0)/@0x38681eb frame = 1
10-08 03:54:21.017 11766 11766 I ViewRootImpl@711bb61[MainActivity]: mWNT: t=0xb400007bacb29600 mBlastBufferQueue=0xb400007bce127580 fn= 1 caller= android.view.ViewRootImpl.prepareSurfaces:2985 android.view.ViewRootImpl.performTraversals:4233 android.view.ViewRootImpl.doTraversal:3116 
10-08 03:54:21.017 11766 11766 I ViewRootImpl@711bb61[MainActivity]: reportNextDraw android.view.ViewRootImpl.performTraversals:4438 android.view.ViewRootImpl.doTraversal:3116 android.view.ViewRootImpl$TraversalRunnable.run:10885 android.view.Choreographer$CallbackRecord.run:1301 android.view.Choreographer$CallbackRecord.run:1309 
10-08 03:54:21.174 11766 11878 E dgis    : E 2024.10.07 22:54:21 UTC 529505696944 ../../../../../../../cpp/modules/common/regions/impl/src/RegionsByGeometryProviderOnline.cpp:231$ Couldn't update regions: SSL peer certificate or SSH remote key was not OK
10-08 03:54:21.218 11766 11840 I BLASTBufferQueue: [SurfaceView[com.flybo.users/com.flybo.users.MainActivity]@0#1](f:0,a:0) onFrameAvailable the first frame is available
10-08 03:54:21.218 11766 11766 D SurfaceView@d1e57:  setAlpha: mUseAlpha = false alpha=1.0
10-08 03:54:21.219 11766 11766 D SurfaceView@d1e57:  updateSurfaceAlpha: setUseAlpha() is not called, ignored.
10-08 03:54:21.225 11766 11766 I ViewRootImpl@711bb61[MainActivity]: Setup new sync id=0
10-08 03:54:21.225 11766 11766 I ViewRootImpl@711bb61[MainActivity]: Setting syncFrameCallback
10-08 03:54:21.226 11766 11766 E SurfaceSyncer: Failed to find sync for id=0
10-08 03:54:21.226 11766 11766 I ViewRootImpl@711bb61[MainActivity]: registerCallbacksForSync syncBuffer=false
10-08 03:54:21.240 11766 12006 D SurfaceView@d1e57: updateSurfacePosition RenderWorker, frameNr = 1, position = [0, 0, 1080, 2361] surfaceSize = 1080x2361
10-08 03:54:21.240 11766 12006 I SurfaceView@d1e57: uSP: rtp = Rect(0, 0 - 1080, 2361) rtsw = 1080 rtsh = 2361
10-08 03:54:21.240 11766 12006 I SurfaceView@d1e57: onSSPAndSRT: pl = 0 pt = 0 sx = 1.0 sy = 1.0
10-08 03:54:21.243 11766 12006 I SurfaceView@d1e57: aOrMT: ViewRootImpl@711bb61[MainActivity] t = android.view.SurfaceControl$Transaction@34a0b60 fN = 1 android.view.SurfaceView.-$$Nest$mapplyOrMergeTransaction:0 android.view.SurfaceView$SurfaceViewPositionUpdateListener.positionChanged:1537 android.graphics.RenderNode$CompositePositionUpdateListener.positionChanged:373 
10-08 03:54:21.243 11766 12006 I ViewRootImpl@711bb61[MainActivity]: mWNT: t=0xb400007bacb29d00 mBlastBufferQueue=0xb400007bce127580 fn= 1 caller= android.view.SurfaceView.applyOrMergeTransaction:1455 android.view.SurfaceView.-$$Nest$mapplyOrMergeTransaction:0 android.view.SurfaceView$SurfaceViewPositionUpdateListener.positionChanged:1537 
10-08 03:54:21.245 11766 12006 I ViewRootImpl@711bb61[MainActivity]: mWNT: t=0xb400007bacb29c00 mBlastBufferQueue=0xb400007bce127580 fn= 1 caller= android.view.ViewRootImpl.lambda$applyTransactionOnDraw$11$android-view-ViewRootImpl:12865 android.view.ViewRootImpl$$ExternalSyntheticLambda1.onFrameDraw:4 android.graphics.HardwareRenderer$FrameDrawingCallback.onFrameDraw:924 
10-08 03:54:21.246 11766 12006 I ViewRootImpl@711bb61[MainActivity]: Received frameDrawingCallback syncResult=0 frameNum=1.
10-08 03:54:21.246 11766 12006 I ViewRootImpl@711bb61[MainActivity]: Setting up sync and frameCommitCallback
10-08 03:54:21.271 11766 11828 I BLASTBufferQueue: [ViewRootImpl@711bb61[MainActivity]#0](f:0,a:0) onFrameAvailable the first frame is available
10-08 03:54:21.272 11766 11828 I ViewRootImpl@711bb61[MainActivity]: Received frameCommittedCallback lastAttemptedDrawFrameNum=1 didProduceBuffer=true
10-08 03:54:21.273 11766 11828 D OpenGLRenderer: CFMS:: SetUp Pid : 11766    Tid : 11828
10-08 03:54:21.276 11766 11828 W Parcel  : Expecting binder but got null!
10-08 03:54:21.276 11766 11766 I ViewRootImpl@711bb61[MainActivity]: onSyncComplete
10-08 03:54:21.277 11766 11766 I ViewRootImpl@711bb61[MainActivity]: setupSync seqId=0 mSyncId=0 fn=1 caller=android.view.ViewRootImpl$$ExternalSyntheticLambda11.accept:6 android.window.SurfaceSyncer.lambda$setupSync$1$android-window-SurfaceSyncer:128 android.window.SurfaceSyncer$$ExternalSyntheticLambda1.accept:8 android.window.SurfaceSyncer$SyncSet.checkIfSyncIsComplete:382 android.window.SurfaceSyncer$SyncSet.markSyncReady:359 android.window.SurfaceSyncer.markSyncReady:151 android.view.ViewRootImpl.performTraversals:4503 
10-08 03:54:21.277 11766 11766 I ViewRootImpl@711bb61[MainActivity]: reportDrawFinished seqId=0 mSyncId=-1 fn=1 mSurfaceChangedTransaction=0xb400007bacb41e00
10-08 03:54:21.307  1189  1189 I Layer   : Layer [com.flybo.users/com.flybo.users.MainActivity$_11766#110242] hidden!! flag(0)
10-08 03:54:21.310 11766 11766 I ViewRootImpl@711bb61[MainActivity]: MSG_WINDOW_FOCUS_CHANGED 1 0
10-08 03:54:21.310  1189  1189 D SurfaceFlinger:      DEVICE | 0xb400007535664700 | 0100 | RGBA_8888    |    0.0    0.0 1080.0 2400.0 |    0    0 1080 2400 | com.flybo.users/com.flybo.users.MainActivity$_11766#110242
10-08 03:54:21.310 11766 11766 I ViewRootImpl@711bb61[MainActivity]: mThreadedRenderer.initializeIfNeeded()#2 mSurface={isValid=true 0xb400007bacbcd000}
10-08 03:54:21.311 11766 11766 D InputMethodManager: startInputInner - Id : 0
10-08 03:54:21.311 11766 11766 I InputMethodManager: startInputInner - mService.startInputOrWindowGainedFocus
10-08 03:54:21.313  1294  4798 V InputMethodManagerService: Creating new session for client ClientState{4cc5155 uid=10323 pid=11766 displayId=0}
10-08 03:54:21.323  5559  5559 I HBD     : HoneyBoardService [IMI] onStartInput - caller pid : 11766 , caller uid : 10323 
10-08 03:54:21.330 11766 11766 D InputMethodManager: startInputInner - Id : 0
10-08 03:54:21.330 21067 21111 I SAMSUNGWALLET: [Hint_ProcessStatusChange] fg Change, pid : 11766 , isNotify : true , isForeground : true , fg list : [11766, 2860]
10-08 03:54:21.333 11766 11766 D InsetsController: onStateChanged: InsetsState: {mDisplayFrame=Rect(0, 0 - 1080, 2400), mDisplayCutout=DisplayCutout{insets=Rect(0, 93 - 0, 0) waterfall=Insets{left=0, top=0, right=0, bottom=0} boundingRect={Bounds=[Rect(0, 0 - 0, 0), Rect(501, 0 - 579, 93), Rect(0, 0 - 0, 0), Rect(0, 0 - 0, 0)]} cutoutPathParserInfo={CutoutPathParserInfo{displayWidth=1080 displayHeight=2400 physicalDisplayWidth=1080 physicalDisplayHeight=2400 density={2.625} cutoutSpec={M 0,0 H -14.85714285714286 V 35.42857142857143 H 14.85714285714286 V 0 H 0 Z @dp} rotation={0} scale={1.0} physicalPixelDisplaySizeRatio={1.0}}}}, mRoundedCorners=RoundedCorners{[RoundedCorner{position=TopLeft, radius=84, center=Point(84, 84)}, RoundedCorner{position=TopRight, radius=84, center=Point(996, 84)}, RoundedCorner{position=BottomRight, radius=84, center=Point(996, 2316)}, RoundedCorner{position=BottomLeft, radius=84, center=Point(84, 2316)}]}  mRoundedCornerFrame=Rect(0, 0 - 1080, 2400), mPrivacyIndicatorBounds=PrivacyIndicatorBounds {static bounds=Rect(964, 0 - 1080, 93) rotation=0}, mSources= { InsetsSource: {mType=ITYPE_STATUS_BAR, mFrame=[0,0][1080,93], mVisible=true, mInsetsRoundedCornerFrame=false}, InsetsSource: {mType=ITYPE_NAVIGATION_BAR, mFrame=[0,2361][1080,2400], mVisible=true, mInsetsRoundedCornerFrame=false}, InsetsSource: {mType=ITYPE_LEFT_GESTURES, mFrame=[0,0][78,2400], mVisible=true, mInsetsRoundedCornerFrame=false}, InsetsSource: {mType=ITYPE_RIGHT_GESTURES, mFrame=[1002,0][1080,2400], mVisible=true, mInsetsRoundedCornerFrame=false}, InsetsSource: {mType=ITYPE_TOP_MANDATORY_GESTURES, mFrame=[0,0][1080,125], mVisible=true, mInsetsRoundedCornerFrame=false}, InsetsSource: {mType=ITYPE_BOTTOM_MANDATORY_GESTURES, mFrame=[0,2316][1080,2400], mVisible=true, mInsetsRoundedCornerFrame=false}, InsetsSource: {mType=ITYPE_LEFT_DISPLAY_CUTOUT, mFrame=[0,0][-100000,2400], mVisible=true, mInsetsRoundedCornerFrame=false}, InsetsSource: {mType=ITYPE_TOP_DISPLAY_CUTOUT, mFrame=[0,0][1080,93], mVisible=true, mInsetsRoundedCornerFrame=false}, InsetsSource: {mType=ITYPE_RIGHT_DISPLAY_CUTOUT, mFrame=[100000,0][1080,2400], mVisible=true, mInsetsRoundedCornerFrame=false}, InsetsSource: {mType=ITYPE_BOTTOM_DISPLAY_CUTOUT, mFrame=[0,100000][1080,2400], mVisible=true, mInsetsRoundedCornerFrame=false}, InsetsSource: {mType=ITYPE_TOP_TAPPABLE_ELEMENT, mFrame=[0,0][1080,93], mVisible=true, mInsetsRoundedCornerFrame=false}, InsetsSource: {mType=ITYPE_BOTTOM_TAPPABLE_ELEMENT, mFrame=[0,0][0,0], mVisible=true, mInsetsRoundedCornerFrame=false}, InsetsSource: {mType=ITYPE_IME, mFrame=[0,0][0,0], mVisibleFrame=[0,1409][1080,2400], mVisible=false, mInsetsRoundedCornerFrame=false} } host=com.flybo.users/com.flybo.users.MainActivity from=android.view.ViewRootImpl$ViewRootHandler.handleMessageImpl:6740
10-08 03:54:21.338  1294  1725 I Pageboost: Launch time gathered : pid 11766 com.flybo.users 1064
10-08 03:54:21.371 21067 21111 I SAMSUNGWALLET: [Hint_ProcessStatusChange] fg Change, pid : 2860 , isNotify : true , isForeground : false , fg list : [11766]
10-08 03:54:21.393  1189  1189 D SurfaceFlinger:      DEVICE | 0xb400007535664b60 | 0100 | RGBA_8888    |    0.0    0.0 1080.0 2400.0 |    0    0 1080 2400 | com.flybo.users/com.flybo.users.MainActivity$_11766#110242
10-08 03:54:25.391  1294  2281 I Pageboost: IoRecord pid : 11766
10-08 03:54:25.399  1294  2281 I Pageboost: IoRecord pid : 11766, result_size : 40965
10-08 03:54:25.673  1294  2281 I Pageboost: memUsage collected : 159400 69212 960 for com.flybo.users 11766
10-08 03:54:26.141 11766 12516 D ProfileInstaller: Installing profile for com.flybo.users
10-08 03:54:40.754  1294  2103 I InputDispatcher: Delivering touch to (11766): action: 0x0, f=0x0, d=0, '3aef703', t=1 
10-08 03:54:40.755 11766 11766 I ViewRootImpl@711bb61[MainActivity]: ViewPostIme pointer 0
10-08 03:54:41.286  1294  2103 I InputDispatcher: Delivering touch to (11766): action: 0x1, f=0x0, d=0, '3aef703', t=1 
10-08 03:54:41.286 11766 11766 I ViewRootImpl@711bb61[MainActivity]: ViewPostIme pointer 1
10-08 03:54:41.552  1294  2103 I InputDispatcher: Delivering touch to (11766): action: 0x0, f=0x0, d=0, '3aef703', t=1 
10-08 03:54:41.552 11766 11766 I ViewRootImpl@711bb61[MainActivity]: ViewPostIme pointer 0
10-08 03:54:41.719  1294  2103 I InputDispatcher: Delivering touch to (11766): action: 0x1, f=0x0, d=0, '3aef703', t=1 
10-08 03:54:41.719 11766 11766 I ViewRootImpl@711bb61[MainActivity]: ViewPostIme pointer 1
10-08 03:54:41.903  1294  2103 I InputDispatcher: Delivering touch to (11766): action: 0x0, f=0x0, d=0, '3aef703', t=1 
10-08 03:54:41.903 11766 11766 I ViewRootImpl@711bb61[MainActivity]: ViewPostIme pointer 0
10-08 03:54:41.929  1294  2103 I InputDispatcher: Delivering touch to (11766): action: 0x105, f=0x0, d=0, '3aef703', t=1 
10-08 03:54:42.086  1294  2103 I InputDispatcher: Delivering touch to (11766): action: 0x6, f=0x0, d=0, '3aef703', t=1 
10-08 03:54:42.135  1294  2103 I InputDispatcher: Delivering touch to (11766): action: 0x1, f=0x0, d=0, '3aef703', t=1 
10-08 03:54:42.136 11766 11766 I ViewRootImpl@711bb61[MainActivity]: ViewPostIme pointer 1
10-08 03:54:42.287  1294  2103 I InputDispatcher: Delivering touch to (11766): action: 0x0, f=0x0, d=0, '3aef703', t=1 
10-08 03:54:42.289 11766 11766 I ViewRootImpl@711bb61[MainActivity]: ViewPostIme pointer 0
10-08 03:54:42.311  1294  2103 I InputDispatcher: Delivering touch to (11766): action: 0x105, f=0x0, d=0, '3aef703', t=1 
10-08 03:54:42.411  1294  2103 I InputDispatcher: Delivering touch to (11766): action: 0x6, f=0x0, d=0, '3aef703', t=1 
10-08 03:54:42.444  1294  2103 I InputDispatcher: Delivering touch to (11766): action: 0x1, f=0x0, d=0, '3aef703', t=1 
10-08 03:54:42.444 11766 11766 I ViewRootImpl@711bb61[MainActivity]: ViewPostIme pointer 1
10-08 03:54:42.787  1294  2103 I InputDispatcher: Delivering touch to (11766): action: 0x0, f=0x0, d=0, '3aef703', t=1 
10-08 03:54:42.788 11766 11766 I ViewRootImpl@711bb61[MainActivity]: ViewPostIme pointer 0
10-08 03:54:42.835  1294  2103 I InputDispatcher: Delivering touch to (11766): action: 0x1, f=0x0, d=0, '3aef703', t=1 
10-08 03:54:42.836 11766 11766 I ViewRootImpl@711bb61[MainActivity]: ViewPostIme pointer 1
10-08 03:54:42.864 11766 11766 W OnBackInvokedCallback: OnBackInvokedCallback is not enabled for the application.
10-08 03:54:42.864 11766 11766 W OnBackInvokedCallback: Set 'android:enableOnBackInvokedCallback="true"' in the application manifest.
10-08 03:54:43.387  1294  2103 I InputDispatcher: Delivering touch to (11766): action: 0x0, f=0x0, d=0, '3aef703', t=1 
10-08 03:54:43.387 11766 11766 I ViewRootImpl@711bb61[MainActivity]: ViewPostIme pointer 0
10-08 03:54:43.415  1294  2099 I InputDispatcher: Delivering touch to (11766): action: 0x3, f=0x0, d=0, '3aef703', t=1 
10-08 03:54:43.417  1189  1189 D SurfaceFlinger:      DEVICE | 0xb400007535664b60 | 0100 | RGBA_8888    |    0.0    0.0 1080.0 2400.0 |    0    0 1080 2400 | com.flybo.users/com.flybo.users.MainActivity$_11766#110242
10-08 03:54:43.455 11766 11766 D WindowOnBackDispatcher: onBackInvoked, viewRoot=ViewRootImpl@711bb61[MainActivity], callback=android.view.ViewRootImpl$$ExternalSyntheticLambda17@a85df74
10-08 03:54:43.476 11766 11766 I ViewRootImpl@711bb61[MainActivity]: ViewPostIme key 0
10-08 03:54:43.476 11766 11766 D Activity: onKeyDown(KEYCODE_BACK)
10-08 03:54:43.476 11766 11766 I ViewRootImpl@711bb61[MainActivity]: ViewPostIme key 1
10-08 03:54:43.476 11766 11766 D Activity: onKeyUp(KEYCODE_BACK) isTracking()=true isCanceled()=false hasCallback=false
10-08 03:54:43.751  1189  1189 D SurfaceFlinger:      DEVICE | 0xb400007535664b60 | 0100 | RGBA_8888    |    0.0    0.0 1080.0 2400.0 |    0    0 1080 2400 | com.flybo.users/com.flybo.users.MainActivity$_11766#110242
10-08 03:54:43.895  1294  2103 I InputDispatcher: Delivering touch to (11766): action: 0x0, f=0x0, d=0, '3aef703', t=1 
10-08 03:54:43.896 11766 11766 I ViewRootImpl@711bb61[MainActivity]: ViewPostIme pointer 0
10-08 03:54:43.952  1294  2103 I InputDispatcher: Delivering touch to (11766): action: 0x1, f=0x0, d=0, '3aef703', t=1 
10-08 03:54:43.952 11766 11766 I ViewRootImpl@711bb61[MainActivity]: ViewPostIme pointer 1
